Archive member included because of file (symbol)

/opt/microchip/xc32/v1.44/bin/bin/../../lib/gcc/pic32mx/4.8.3/../../../../pic32mx/lib/libmchp_peripheral.a(open_core_timer_lib.o)
                              build/default/production/hardware/HardwareProfile.o (OpenCoreTimer)
/opt/microchip/xc32/v1.44/bin/bin/../../lib/gcc/pic32mx/4.8.3/../../../../pic32mx/lib/libmchp_peripheral_32MX170F256B.a(int_disable_interrupts_lib.o)
                              build/default/production/hardware/HardwareProfile.o (INTDisableInterrupts)
/opt/microchip/xc32/v1.44/bin/bin/../../lib/gcc/pic32mx/4.8.3/../../../../pic32mx/lib/libmchp_peripheral_32MX170F256B.a(int_restore_interrupts_lib.o)
                              build/default/production/hardware/HardwareProfile.o (INTRestoreInterrupts)
/opt/microchip/xc32/v1.44/bin/bin/../../lib/gcc/pic32mx/4.8.3/../../../../pic32mx/lib/libmchp_peripheral_32MX170F256B.a(int_enable_mv_int_lib.o)
                              build/default/production/hardware/HardwareProfile.o (INTEnableSystemMultiVectoredInt)
/opt/microchip/xc32/v1.44/bin/bin/../../lib/gcc/pic32mx/4.8.3/../../../../pic32mx/lib/libmchp_peripheral_32MX170F256B.a(spi_chn_set_bitrate_lib.o)
                              build/default/production/hardware/tvout/vga.o (SpiChnSetBitRate)
/opt/microchip/xc32/v1.44/bin/bin/../../lib/gcc/pic32mx/4.8.3/../../../../pic32mx/lib/libmchp_peripheral_32MX170F256B.a(spi_map_tbl_libp.o)
                              /opt/microchip/xc32/v1.44/bin/bin/../../lib/gcc/pic32mx/4.8.3/../../../../pic32mx/lib/libmchp_peripheral_32MX170F256B.a(spi_chn_set_bitrate_lib.o) (_SpiMapTbl)
/opt/microchip/xc32/v1.44/bin/bin/../../lib/gcc/pic32mx/4.8.3/../../../../pic32mx/lib/libmchp_peripheral_32MX170F256B.a(dma_chn_open_lib.o)
                              build/default/production/hardware/tvout/vga.o (DmaChnOpen)
/opt/microchip/xc32/v1.44/bin/bin/../../lib/gcc/pic32mx/4.8.3/../../../../pic32mx/lib/libmchp_peripheral_32MX170F256B.a(dma_chn_write_event_control_flags_lib.o)
                              build/default/production/hardware/tvout/vga.o (DmaChnWriteEventControlFlags)
/opt/microchip/xc32/v1.44/bin/bin/../../lib/gcc/pic32mx/4.8.3/../../../../pic32mx/lib/libmchp_peripheral_32MX170F256B.a(dma_chn_set_txfer_lib.o)
                              build/default/production/hardware/tvout/vga.o (DmaChnSetTxfer)
/opt/microchip/xc32/v1.44/bin/bin/../../lib/gcc/pic32mx/4.8.3/../../../../pic32mx/lib/libmchp_peripheral_32MX170F256B.a(dma_reg_map_tbl_lib.o)
                              /opt/microchip/xc32/v1.44/bin/bin/../../lib/gcc/pic32mx/4.8.3/../../../../pic32mx/lib/libmchp_peripheral_32MX170F256B.a(dma_chn_open_lib.o) (_DmaMapTbl)
/opt/microchip/xc32/v1.44/bin/bin/../../lib/gcc/pic32mx/4.8.3/../../../../pic32mx/lib/libmchp_peripheral_32MX170F256B.a(uart_lib.o)
                              build/default/production/hardware/serial_comm/serial_comm.o (uartReg)
/opt/microchip/xc32/v1.44/bin/bin/../../lib/gcc/pic32mx/4.8.3/../../../../pic32mx/lib/libmchp_peripheral_32MX170F256B.a(int_enable_interrupts_lib.o)
                              /opt/microchip/xc32/v1.44/bin/bin/../../lib/gcc/pic32mx/4.8.3/../../../../pic32mx/lib/libmchp_peripheral_32MX170F256B.a(int_enable_mv_int_lib.o) (INTEnableInterrupts)
/opt/microchip/xc32/v1.44/bin/bin/../../lib/gcc/pic32mx/4.8.3/../../../../pic32mx/lib/libmchp_peripheral_32MX170F256B.a(int_tbl_lib.o)
                              /opt/microchip/xc32/v1.44/bin/bin/../../lib/gcc/pic32mx/4.8.3/../../../../pic32mx/lib/libmchp_peripheral_32MX170F256B.a(dma_chn_open_lib.o) (INTClearFlag)
/opt/microchip/xc32/v1.44/bin/bin/../../lib/gcc/pic32mx/4.8.3/../../../../pic32mx/lib/libpic32.a(setjmp.o)
                              build/default/production/vpcBASIC/BASIC.o (setjmp)
/opt/microchip/xc32/v1.44/bin/bin/../../lib/gcc/pic32mx/4.8.3/../../../../pic32mx/lib/libpic32.a(memcpy.o)
                              build/default/production/shell.o (memcpy)
/opt/microchip/xc32/v1.44/bin/bin/../../lib/gcc/pic32mx/4.8.3/../../../../pic32mx/lib/libpic32.a(memset.o)
                              build/default/production/vpcBASIC/BASIC.o (memset)
/opt/microchip/xc32/v1.44/bin/bin/../../lib/gcc/pic32mx/4.8.3/../../../../pic32mx/lib/libpic32.a(strcmp.o)
                              build/default/production/vpcBASIC/BASIC.o (strcmp)
/opt/microchip/xc32/v1.44/bin/bin/../../lib/gcc/pic32mx/4.8.3/../../../../pic32mx/lib/libpic32.a(strcpy.o)
                              build/default/production/vpcBASIC/vm.o (strcpy)
/opt/microchip/xc32/v1.44/bin/bin/../../lib/gcc/pic32mx/4.8.3/../../../../pic32mx/lib/libpic32.a(strlen.o)
                              build/default/production/vpcBASIC/BASIC.o (strlen)
/opt/microchip/xc32/v1.44/bin/bin/../../lib/gcc/pic32mx/4.8.3/../../../../pic32mx/lib/libpic32.a(default-bootstrap-exception-handler.o)
[...]
Memory Configuration

Name             Origin             Length             Attributes
kseg0_program_mem 0x9d000000         0x0003f000         xr
exception_mem    0x9d03f000         0x00001000
debug_exec_mem   0x9fc00490         0x00000760
kseg0_boot_mem   0x9fc00490         0x00000000
kseg1_boot_mem   0xbfc00000         0x00000490
config3          0xbfc00bf0         0x00000004
config2          0xbfc00bf4         0x00000004
config1          0xbfc00bf8         0x00000004
config0          0xbfc00bfc         0x00000004
kseg1_data_mem   0xa0000000         0x00010000         w !x
sfrs             0xbf800000         0x00100000
configsfrs       0xbfc00bf0         0x00000010
*default*        0x00000000         0xffffffff

Linker script and memory map

LOAD /opt/microchip/xc32/v1.44/bin/bin/../../lib/gcc/pic32mx/4.8.3/../../../../pic32mx/lib/./proc/32MX170F256B/crt0_mips32r2.o
LOAD /opt/microchip/xc32/v1.44/bin/bin/../../lib/gcc/pic32mx/4.8.3/../../../../pic32mx/lib/debug-exception-return.o
LOAD build/default/production/vpcBASIC/vm.o
LOAD build/default/production/vpcBASIC/BASIC.o
LOAD build/default/production/vpcBASIC/testVM.o
LOAD build/default/production/hardware/ps2_kbd/keyboard.o
LOAD build/default/production/hardware/rtcc/rtcc.o
LOAD build/default/production/hardware/Pinguino/sdmmc.o
LOAD build/default/production/hardware/Pinguino/diskio.o
LOAD build/default/production/hardware/serial_comm/serial_comm.o
LOAD build/default/production/hardware/sound/sound.o
LOAD build/default/production/hardware/spiram/spiram.o
LOAD build/default/production/hardware/store/store_spi.o
LOAD build/default/production/hardware/tvout/vga.o
LOAD build/default/production/hardware/HardwareProfile.o
LOAD build/default/production/hardware/exception.o
LOAD build/default/production/hardware/syscall.o
LOAD build/default/production/hardware/Pinguino/ff.o
LOAD build/default/production/hardware/Pinguino/fileio.o
LOAD build/default/production/font.o
LOAD build/default/production/vpc-32.o
LOAD build/default/production/graphics.o
LOAD build/default/production/console.o
LOAD build/default/production/vt100.o
LOAD build/default/production/shell.o
LOAD build/default/production/reader.o
LOAD build/default/production/editor.o
                0x00000001                __MPLAB_BUILD = 0x1
                0x0000a7f8                _min_heap_size = 0xa7f8
                0x00001000                _min_stack_size = 0x1000
LOAD /opt/microchip/xc32/v1.44/bin/bin/../../lib/gcc/pic32mx/4.8.3/../../../../pic32mx/lib/./proc/32MX170F256B/default_isr_vectors.o
LOAD /opt/microchip/xc32/v1.44/bin/bin/../../lib/gcc/pic32mx/4.8.3/../../../../pic32mx/lib/pic32_software_reset.o
                0x00000400                PROVIDE (_min_stack_size, 0x400)
LOAD /opt/microchip/xc32/v1.44/bin/bin/../../lib/gcc/pic32mx/4.8.3/../../../../pic32mx/lib/./proc/32MX170F256B/processor.o
START GROUP
LOAD /opt/microchip/xc32/v1.44/bin/bin/../../lib/gcc/pic32mx/4.8.3/../../../../pic32mx/lib/libmchp_peripheral.a
END GROUP
START GROUP
LOAD /opt/microchip/xc32/v1.44/bin/bin/../../lib/gcc/pic32mx/4.8.3/../../../../pic32mx/lib/libmchp_peripheral_32MX170F256B.a
END GROUP
                0x00000001                PROVIDE (_vector_spacing, 0x1)
                0x9d03f000                PROVIDE (_ebase_address, 0x9d03f000)
                0xbfc00000                _RESET_ADDR = 0xbfc00000
                0xbfc00380                _BEV_EXCPT_ADDR = 0xbfc00380
                0xbfc00480                _DBG_EXCPT_ADDR = 0xbfc00480
                0x9fc00490                _DBG_CODE_ADDR = 0x9fc00490
                0x00000760                _DBG_CODE_SIZE = 0x760
                0x9d03f180                _GEN_EXCPT_ADDR = (_ebase_address + 0x180)

.config_BFC00BF0
                0xbfc00bf0        0x4
 *(.config_BFC00BF0)
 .config_BFC00BF0
                0xbfc00bf0        0x4 build/default/production/vpc-32.o

.config_BFC00BF4
                0xbfc00bf4        0x4
 *(.config_BFC00BF4)
 .config_BFC00BF4
                0xbfc00bf4        0x4 build/default/production/vpc-32.o

.config_BFC00BF8
                0xbfc00bf8        0x4
 *(.config_BFC00BF8)
 .config_BFC00BF8
                0xbfc00bf8        0x4 build/default/production/vpc-32.o

.config_BFC00BFC
                0xbfc00bfc        0x4
 *(.config_BFC00BFC)
 .config_BFC00BFC
                0xbfc00bfc        0x4 build/default/production/vpc-32.o
                0xbfc02000                PROVIDE (_DBG_CODE_ADDR, 0xbfc02000)
                0x00000ff0                PROVIDE (_DBG_CODE_SIZE, 0xff0)

.reset          0xbfc00000      0x1e4
 *(.reset)
 .reset         0xbfc00000        0x8 /opt/microchip/xc32/v1.44/bin/bin/../../lib/gcc/pic32mx/4.8.3/../../../../pic32mx/lib/./proc/32MX170F256B/crt0_mips32r2.o
                0xbfc00000                _reset
 *(.reset.startup)
 .reset.startup
                0xbfc00008      0x1dc /opt/microchip/xc32/v1.44/bin/bin/../../lib/gcc/pic32mx/4.8.3/../../../../pic32mx/lib/./proc/32MX170F256B/crt0_mips32r2.o
                0xbfc00008                _startup

.bev_excpt      0xbfc00380       0x10
 *(.bev_handler)
 .bev_handler   0xbfc00380       0x10 /opt/microchip/xc32/v1.44/bin/bin/../../lib/gcc/pic32mx/4.8.3/../../../../pic32mx/lib/./proc/32MX170F256B/crt0_mips32r2.o

.dbg_excpt      0xbfc00480        0x0
                0xbfc00480                . = (. + DEFINED (_DEBUGGER)?0x8:0x0)

.dbg_code       0x9fc00490        0x0
                0x9fc00490                . = (. + DEFINED (_DEBUGGER)?_DBG_CODE_SIZE:0x0)

.app_excpt      0x9d03f180       0x10
 *(.gen_handler)
 .gen_handler   0x9d03f180       0x10 /opt/microchip/xc32/v1.44/bin/bin/../../lib/gcc/pic32mx/4.8.3/../../../../pic32mx/lib/./proc/32MX170F256B/crt0_mips32r2.o

.vector_0       0x9d03f200        0x8
 *(.vector_0)
 .vector_0      0x9d03f200        0x8 build/default/production/hardware/HardwareProfile.o
                0x9d03f200                __vector_dispatch_0
                0x00000001                ASSERT (((_vector_spacing == 0x0) || (SIZEOF (.vector_0) <= (_vector_spacing << 0x5))), function at exception vector 0 too large)

.vector_1       0x9d03f220        0x8
 *(.vector_1)
 .vector_1      0x9d03f220        0x8 /opt/microchip/xc32/v1.44/bin/bin/../../lib/gcc/pic32mx/4.8.3/../../../../pic32mx/lib/libpic32.a(vector1.o)
                0x9d03f220                __vector_dispatch_1
                0x00000001                ASSERT (((_vector_spacing == 0x0) || (SIZEOF (.vector_1) <= (_vector_spacing << 0x5))), function at exception vector 1 too large)

.vector_2       0x9d03f240        0x8
 *(.vector_2)
 .vector_2      0x9d03f240        0x8 /opt/microchip/xc32/v1.44/bin/bin/../../lib/gcc/pic32mx/4.8.3/../../../../pic32mx/lib/libpic32.a(vector2.o)
                0x9d03f240                __vector_dispatch_2
                0x00000001                ASSERT (((_vector_spacing == 0x0) || (SIZEOF (.vector_2) <= (_vector_spacing << 0x5))), function at exception vector 2 too large)

.vector_3       0x9d03f260        0x8
 *(.vector_3)
 .vector_3      0x9d03f260        0x8 /opt/microchip/xc32/v1.44/bin/bin/../../lib/gcc/pic32mx/4.8.3/../../../../pic32mx/lib/libpic32.a(vector3.o)
                0x9d03f260                __vector_dispatch_3
                0x00000001                ASSERT (((_vector_spacing == 0x0) || (SIZEOF (.vector_3) <= (_vector_spacing << 0x5))), function at exception vector 3 too large)

.vector_4       0x9d03f280        0x8
 *(.vector_4)
 .vector_4      0x9d03f280        0x8 /opt/microchip/xc32/v1.44/bin/bin/../../lib/gcc/pic32mx/4.8.3/../../../../pic32mx/lib/libpic32.a(vector4.o)
                0x9d03f280                __vector_dispatch_4
                0x00000001                ASSERT (((_vector_spacing == 0x0) || (SIZEOF (.vector_4) <= (_vector_spacing << 0x5))), function at exception vector 4 too large)

.vector_5       0x9d03f2a0        0x8
 *(.vector_5)
 .vector_5      0x9d03f2a0        0x8 /opt/microchip/xc32/v1.44/bin/bin/../../lib/gcc/pic32mx/4.8.3/../../../../pic32mx/lib/libpic32.a(vector5.o)
                0x9d03f2a0                __vector_dispatch_5
                0x00000001                ASSERT (((_vector_spacing == 0x0) || (SIZEOF (.vector_5) <= (_vector_spacing << 0x5))), function at exception vector 5 too large)

.vector_6       0x9d03f2c0        0x8
 *(.vector_6)
 .vector_6      0x9d03f2c0        0x8 /opt/microchip/xc32/v1.44/bin/bin/../../lib/gcc/pic32mx/4.8.3/../../../../pic32mx/lib/libpic32.a(vector6.o)
                0x9d03f2c0                __vector_dispatch_6
                0x00000001                ASSERT (((_vector_spacing == 0x0) || (SIZEOF (.vector_6) <= (_vector_spacing << 0x5))), function at exception vector 6 too large)

.vector_7       0x9d03f2e0        0x8
 *(.vector_7)
 .vector_7      0x9d03f2e0        0x8 /opt/microchip/xc32/v1.44/bin/bin/../../lib/gcc/pic32mx/4.8.3/../../../../pic32mx/lib/libpic32.a(vector7.o)
                0x9d03f2e0                __vector_dispatch_7
                0x00000001                ASSERT (((_vector_spacing == 0x0) || (SIZEOF (.vector_7) <= (_vector_spacing << 0x5))), function at exception vector 7 too large)

.vector_8       0x9d03f300        0x8
 *(.vector_8)
 .vector_8      0x9d03f300        0x8 build/default/production/hardware/tvout/vga.o
                0x9d03f300                __vector_dispatch_8
                0x00000001                ASSERT (((_vector_spacing == 0x0) || (SIZEOF (.vector_8) <= (_vector_spacing << 0x5))), function at exception vector 8 too large)

.vector_9       0x9d03f320        0x8
 *(.vector_9)
 .vector_9      0x9d03f320        0x8 /opt/microchip/xc32/v1.44/bin/bin/../../lib/gcc/pic32mx/4.8.3/../../../../pic32mx/lib/libpic32.a(vector9.o)
                0x9d03f320                __vector_dispatch_9
                0x00000001                ASSERT (((_vector_spacing == 0x0) || (SIZEOF (.vector_9) <= (_vector_spacing << 0x5))), function at exception vector 9 too large)

.vector_10      0x9d03f340        0x8
 *(.vector_10)
 .vector_10     0x9d03f340        0x8 /opt/microchip/xc32/v1.44/bin/bin/../../lib/gcc/pic32mx/4.8.3/../../../../pic32mx/lib/libpic32.a(vector10.o)
                0x9d03f340                __vector_dispatch_10
                0x00000001                ASSERT (((_vector_spacing == 0x0) || (SIZEOF (.vector_10) <= (_vector_spacing << 0x5))), function at exception vector 10 too large)

.vector_11      0x9d03f360        0x8
 *(.vector_11)
 .vector_11     0x9d03f360        0x8 /opt/microchip/xc32/v1.44/bin/bin/../../lib/gcc/pic32mx/4.8.3/../../../../pic32mx/lib/libpic32.a(vector11.o)
                0x9d03f360                __vector_dispatch_11
                0x00000001                ASSERT (((_vector_spacing == 0x0) || (SIZEOF (.vector_11) <= (_vector_spacing << 0x5))), function at exception vector 11 too large)

.vector_12      0x9d03f380        0x8
 *(.vector_12)
 .vector_12     0x9d03f380        0x8 build/default/production/hardware/sound/sound.o
                0x9d03f380                __vector_dispatch_12
                0x00000001                ASSERT (((_vector_spacing == 0x0) || (SIZEOF (.vector_12) <= (_vector_spacing << 0x5))), function at exception vector 12 too large)

.vector_13      0x9d03f3a0        0x8
 *(.vector_13)
 .vector_13     0x9d03f3a0        0x8 /opt/microchip/xc32/v1.44/bin/bin/../../lib/gcc/pic32mx/4.8.3/../../../../pic32mx/lib/libpic32.a(vector13.o)
                0x9d03f3a0                __vector_dispatch_13
                0x00000001                ASSERT (((_vector_spacing == 0x0) || (SIZEOF (.vector_13) <= (_vector_spacing << 0x5))), function at exception vector 13 too large)

.vector_14      0x9d03f3c0        0x8
 *(.vector_14)
 .vector_14     0x9d03f3c0        0x8 /opt/microchip/xc32/v1.44/bin/bin/../../lib/gcc/pic32mx/4.8.3/../../../../pic32mx/lib/libpic32.a(vector14.o)
                0x9d03f3c0                __vector_dispatch_14
                0x00000001                ASSERT (((_vector_spacing == 0x0) || (SIZEOF (.vector_14) <= (_vector_spacing << 0x5))), function at exception vector 14 too large)

.vector_15      0x9d03f3e0        0x8
 *(.vector_15)
 .vector_15     0x9d03f3e0        0x8 /opt/microchip/xc32/v1.44/bin/bin/../../lib/gcc/pic32mx/4.8.3/../../../../pic32mx/lib/libpic32.a(vector15.o)
                0x9d03f3e0                __vector_dispatch_15
                0x00000001                ASSERT (((_vector_spacing == 0x0) || (SIZEOF (.vector_15) <= (_vector_spacing << 0x5))), function at exception vector 15 too large)

.vector_16      0x9d03f400        0x8
 *(.vector_16)
 .vector_16     0x9d03f400        0x8 /opt/microchip/xc32/v1.44/bin/bin/../../lib/gcc/pic32mx/4.8.3/../../../../pic32mx/lib/libpic32.a(vector16.o)
                0x9d03f400                __vector_dispatch_16
                0x00000001                ASSERT (((_vector_spacing == 0x0) || (SIZEOF (.vector_16) <= (_vector_spacing << 0x5))), function at exception vector 16 too large)

.vector_17      0x9d03f420        0x8
 *(.vector_17)
 .vector_17     0x9d03f420        0x8 /opt/microchip/xc32/v1.44/bin/bin/../../lib/gcc/pic32mx/4.8.3/../../../../pic32mx/lib/libpic32.a(vector17.o)
                0x9d03f420                __vector_dispatch_17
                0x00000001                ASSERT (((_vector_spacing == 0x0) || (SIZEOF (.vector_17) <= (_vector_spacing << 0x5))), function at exception vector 17 too large)

.vector_18      0x9d03f440        0x8
 *(.vector_18)
 .vector_18     0x9d03f440        0x8 /opt/microchip/xc32/v1.44/bin/bin/../../lib/gcc/pic32mx/4.8.3/../../../../pic32mx/lib/libpic32.a(vector18.o)
                0x9d03f440                __vector_dispatch_18
                0x00000001                ASSERT (((_vector_spacing == 0x0) || (SIZEOF (.vector_18) <= (_vector_spacing << 0x5))), function at exception vector 18 too large)

.vector_19      0x9d03f460        0x8
 *(.vector_19)
 .vector_19     0x9d03f460        0x8 /opt/microchip/xc32/v1.44/bin/bin/../../lib/gcc/pic32mx/4.8.3/../../../../pic32mx/lib/libpic32.a(vector19.o)
                0x9d03f460                __vector_dispatch_19
                0x00000001                ASSERT (((_vector_spacing == 0x0) || (SIZEOF (.vector_19) <= (_vector_spacing << 0x5))), function at exception vector 19 too large)

.vector_20      0x9d03f480        0x8
 *(.vector_20)
 .vector_20     0x9d03f480        0x8 /opt/microchip/xc32/v1.44/bin/bin/../../lib/gcc/pic32mx/4.8.3/../../../../pic32mx/lib/libpic32.a(vector20.o)
                0x9d03f480                __vector_dispatch_20
                0x00000001                ASSERT (((_vector_spacing == 0x0) || (SIZEOF (.vector_20) <= (_vector_spacing << 0x5))), function at exception vector 20 too large)

.vector_21      0x9d03f4a0        0x8
 *(.vector_21)
 .vector_21     0x9d03f4a0        0x8 /opt/microchip/xc32/v1.44/bin/bin/../../lib/gcc/pic32mx/4.8.3/../../../../pic32mx/lib/libpic32.a(vector21.o)
                0x9d03f4a0                __vector_dispatch_21
                0x00000001                ASSERT (((_vector_spacing == 0x0) || (SIZEOF (.vector_21) <= (_vector_spacing << 0x5))), function at exception vector 21 too large)

.vector_22      0x9d03f4c0        0x8
 *(.vector_22)
 .vector_22     0x9d03f4c0        0x8 /opt/microchip/xc32/v1.44/bin/bin/../../lib/gcc/pic32mx/4.8.3/../../../../pic32mx/lib/libpic32.a(vector22.o)
                0x9d03f4c0                __vector_dispatch_22
                0x00000001                ASSERT (((_vector_spacing == 0x0) || (SIZEOF (.vector_22) <= (_vector_spacing << 0x5))), function at exception vector 22 too large)

.vector_23      0x9d03f4e0        0x8
 *(.vector_23)
 .vector_23     0x9d03f4e0        0x8 /opt/microchip/xc32/v1.44/bin/bin/../../lib/gcc/pic32mx/4.8.3/../../../../pic32mx/lib/libpic32.a(vector23.o)
                0x9d03f4e0                __vector_dispatch_23
                0x00000001                ASSERT (((_vector_spacing == 0x0) || (SIZEOF (.vector_23) <= (_vector_spacing << 0x5))), function at exception vector 23 too large)

.vector_24      0x9d03f500        0x8
 *(.vector_24)
 .vector_24     0x9d03f500        0x8 /opt/microchip/xc32/v1.44/bin/bin/../../lib/gcc/pic32mx/4.8.3/../../../../pic32mx/lib/libpic32.a(vector24.o)
                0x9d03f500                __vector_dispatch_24
                0x00000001                ASSERT (((_vector_spacing == 0x0) || (SIZEOF (.vector_24) <= (_vector_spacing << 0x5))), function at exception vector 24 too large)

.vector_25      0x9d03f520        0x8
 *(.vector_25)
 .vector_25     0x9d03f520        0x8 /opt/microchip/xc32/v1.44/bin/bin/../../lib/gcc/pic32mx/4.8.3/../../../../pic32mx/lib/libpic32.a(vector25.o)
                0x9d03f520                __vector_dispatch_25
                0x00000001                ASSERT (((_vector_spacing == 0x0) || (SIZEOF (.vector_25) <= (_vector_spacing << 0x5))), function at exception vector 25 too large)

.vector_26      0x9d03f540        0x8
 *(.vector_26)
 .vector_26     0x9d03f540        0x8 /opt/microchip/xc32/v1.44/bin/bin/../../lib/gcc/pic32mx/4.8.3/../../../../pic32mx/lib/libpic32.a(vector26.o)
                0x9d03f540                __vector_dispatch_26
                0x00000001                ASSERT (((_vector_spacing == 0x0) || (SIZEOF (.vector_26) <= (_vector_spacing << 0x5))), function at exception vector 26 too large)

.vector_27      0x9d03f560        0x8
 *(.vector_27)
 .vector_27     0x9d03f560        0x8 /opt/microchip/xc32/v1.44/bin/bin/../../lib/gcc/pic32mx/4.8.3/../../../../pic32mx/lib/libpic32.a(vector27.o)
                0x9d03f560                __vector_dispatch_27
                0x00000001                ASSERT (((_vector_spacing == 0x0) || (SIZEOF (.vector_27) <= (_vector_spacing << 0x5))), function at exception vector 27 too large)

.vector_28      0x9d03f580        0x8
 *(.vector_28)
 .vector_28     0x9d03f580        0x8 /opt/microchip/xc32/v1.44/bin/bin/../../lib/gcc/pic32mx/4.8.3/../../../../pic32mx/lib/libpic32.a(vector28.o)
                0x9d03f580                __vector_dispatch_28
                0x00000001                ASSERT (((_vector_spacing == 0x0) || (SIZEOF (.vector_28) <= (_vector_spacing << 0x5))), function at exception vector 28 too large)

.vector_29      0x9d03f5a0        0x8
 *(.vector_29)
 .vector_29     0x9d03f5a0        0x8 /opt/microchip/xc32/v1.44/bin/bin/../../lib/gcc/pic32mx/4.8.3/../../../../pic32mx/lib/libpic32.a(vector29.o)
                0x9d03f5a0                __vector_dispatch_29
                0x00000001                ASSERT (((_vector_spacing == 0x0) || (SIZEOF (.vector_29) <= (_vector_spacing << 0x5))), function at exception vector 29 too large)

.vector_30      0x9d03f5c0        0x8
 *(.vector_30)
 .vector_30     0x9d03f5c0        0x8 /opt/microchip/xc32/v1.44/bin/bin/../../lib/gcc/pic32mx/4.8.3/../../../../pic32mx/lib/libpic32.a(vector30.o)
                0x9d03f5c0                __vector_dispatch_30
                0x00000001                ASSERT (((_vector_spacing == 0x0) || (SIZEOF (.vector_30) <= (_vector_spacing << 0x5))), function at exception vector 30 too large)

.vector_31      0x9d03f5e0        0x8
 *(.vector_31)
 .vector_31     0x9d03f5e0        0x8 /opt/microchip/xc32/v1.44/bin/bin/../../lib/gcc/pic32mx/4.8.3/../../../../pic32mx/lib/libpic32.a(vector31.o)
                0x9d03f5e0                __vector_dispatch_31
                0x00000001                ASSERT (((_vector_spacing == 0x0) || (SIZEOF (.vector_31) <= (_vector_spacing << 0x5))), function at exception vector 31 too large)

.vector_32      0x9d03f600        0x8
 *(.vector_32)
 .vector_32     0x9d03f600        0x8 build/default/production/hardware/ps2_kbd/keyboard.o
                0x9d03f600                __vector_dispatch_32
                0x00000001                ASSERT (((_vector_spacing == 0x0) || (SIZEOF (.vector_32) <= (_vector_spacing << 0x5))), function at exception vector 32 too large)

.vector_33      0x9d03f620        0x8
 *(.vector_33)
 .vector_33     0x9d03f620        0x8 /opt/microchip/xc32/v1.44/bin/bin/../../lib/gcc/pic32mx/4.8.3/../../../../pic32mx/lib/libpic32.a(vector33.o)
                0x9d03f620                __vector_dispatch_33
                0x00000001                ASSERT (((_vector_spacing == 0x0) || (SIZEOF (.vector_33) <= (_vector_spacing << 0x5))), function at exception vector 33 too large)

.vector_34      0x9d03f640        0x8
 *(.vector_34)
 .vector_34     0x9d03f640        0x8 build/default/production/hardware/rtcc/rtcc.o
                0x9d03f640                __vector_dispatch_34
                0x00000001                ASSERT (((_vector_spacing == 0x0) || (SIZEOF (.vector_34) <= (_vector_spacing << 0x5))), function at exception vector 34 too large)

.vector_35      0x9d03f660        0x8
 *(.vector_35)
 .vector_35     0x9d03f660        0x8 /opt/microchip/xc32/v1.44/bin/bin/../../lib/gcc/pic32mx/4.8.3/../../../../pic32mx/lib/libpic32.a(vector35.o)
                0x9d03f660                __vector_dispatch_35
                0x00000001                ASSERT (((_vector_spacing == 0x0) || (SIZEOF (.vector_35) <= (_vector_spacing << 0x5))), function at exception vector 35 too large)

.vector_36      0x9d03f680        0x8
 *(.vector_36)
 .vector_36     0x9d03f680        0x8 /opt/microchip/xc32/v1.44/bin/bin/../../lib/gcc/pic32mx/4.8.3/../../../../pic32mx/lib/libpic32.a(vector36.o)
                0x9d03f680                __vector_dispatch_36
                0x00000001                ASSERT (((_vector_spacing == 0x0) || (SIZEOF (.vector_36) <= (_vector_spacing << 0x5))), function at exception vector 36 too large)

.vector_37      0x9d03f6a0        0x8
 *(.vector_37)
 .vector_37     0x9d03f6a0        0x8 build/default/production/hardware/serial_comm/serial_comm.o
                0x9d03f6a0                __vector_dispatch_37
                0x00000001                ASSERT (((_vector_spacing == 0x0) || (SIZEOF (.vector_37) <= (_vector_spacing << 0x5))), function at exception vector 37 too large)

.vector_38      0x9d03f6c0        0x8
 *(.vector_38)
 .vector_38     0x9d03f6c0        0x8 /opt/microchip/xc32/v1.44/bin/bin/../../lib/gcc/pic32mx/4.8.3/../../../../pic32mx/lib/libpic32.a(vector38.o)
                0x9d03f6c0                __vector_dispatch_38
                0x00000001                ASSERT (((_vector_spacing == 0x0) || (SIZEOF (.vector_38) <= (_vector_spacing << 0x5))), function at exception vector 38 too large)

.vector_39      0x9d03f6e0        0x8
 *(.vector_39)
 .vector_39     0x9d03f6e0        0x8 /opt/microchip/xc32/v1.44/bin/bin/../../lib/gcc/pic32mx/4.8.3/../../../../pic32mx/lib/libpic32.a(vector39.o)
                0x9d03f6e0                __vector_dispatch_39
                0x00000001                ASSERT (((_vector_spacing == 0x0) || (SIZEOF (.vector_39) <= (_vector_spacing << 0x5))), function at exception vector 39 too large)

.vector_40      0x9d03f700        0x8
 *(.vector_40)
 .vector_40     0x9d03f700        0x8 /opt/microchip/xc32/v1.44/bin/bin/../../lib/gcc/pic32mx/4.8.3/../../../../pic32mx/lib/libpic32.a(vector40.o)
                0x9d03f700                __vector_dispatch_40
                0x00000001                ASSERT (((_vector_spacing == 0x0) || (SIZEOF (.vector_40) <= (_vector_spacing << 0x5))), function at exception vector 40 too large)

.vector_41      0x9d03f720        0x8
 *(.vector_41)
 .vector_41     0x9d03f720        0x8 /opt/microchip/xc32/v1.44/bin/bin/../../lib/gcc/pic32mx/4.8.3/../../../../pic32mx/lib/libpic32.a(vector41.o)
                0x9d03f720                __vector_dispatch_41
                0x00000001                ASSERT (((_vector_spacing == 0x0) || (SIZEOF (.vector_41) <= (_vector_spacing << 0x5))), function at exception vector 41 too large)

.vector_42      0x9d03f740        0x8
 *(.vector_42)
 .vector_42     0x9d03f740        0x8 /opt/microchip/xc32/v1.44/bin/bin/../../lib/gcc/pic32mx/4.8.3/../../../../pic32mx/lib/libpic32.a(vector42.o)
                0x9d03f740                __vector_dispatch_42
                0x00000001                ASSERT (((_vector_spacing == 0x0) || (SIZEOF (.vector_42) <= (_vector_spacing << 0x5))), function at exception vector 42 too large)

.vector_43      0x9d03f760        0x8
 *(.vector_43)
 .vector_43     0x9d03f760        0x8 /opt/microchip/xc32/v1.44/bin/bin/../../lib/gcc/pic32mx/4.8.3/../../../../pic32mx/lib/libpic32.a(vector43.o)
                0x9d03f760                __vector_dispatch_43
                0x00000001                ASSERT (((_vector_spacing == 0x0) || (SIZEOF (.vector_43) <= (_vector_spacing << 0x5))), function at exception vector 43 too large)

.vector_44      0x9d03f780        0x0
 *(.vector_44)
                0x00000001                ASSERT (((_vector_spacing == 0x0) || (SIZEOF (.vector_44) <= (_vector_spacing << 0x5))), function at exception vector 44 too large)

.vector_45      0x9d03f7a0        0x0
 *(.vector_45)
                0x00000001                ASSERT (((_vector_spacing == 0x0) || (SIZEOF (.vector_45) <= (_vector_spacing << 0x5))), function at exception vector 45 too large)

.vector_46      0x9d03f7c0        0x0
 *(.vector_46)
                0x00000001                ASSERT (((_vector_spacing == 0x0) || (SIZEOF (.vector_46) <= (_vector_spacing << 0x5))), function at exception vector 46 too large)

.vector_47      0x9d03f7e0        0x0
 *(.vector_47)
                0x00000001                ASSERT (((_vector_spacing == 0x0) || (SIZEOF (.vector_47) <= (_vector_spacing << 0x5))), function at exception vector 47 too large)

.vector_48      0x9d03f800        0x0
 *(.vector_48)
                0x00000001                ASSERT (((_vector_spacing == 0x0) || (SIZEOF (.vector_48) <= (_vector_spacing << 0x5))), function at exception vector 48 too large)

.vector_49      0x9d03f820        0x0
 *(.vector_49)
                0x00000001                ASSERT (((_vector_spacing == 0x0) || (SIZEOF (.vector_49) <= (_vector_spacing << 0x5))), function at exception vector 49 too large)

.vector_50      0x9d03f840        0x0
 *(.vector_50)
                0x00000001                ASSERT (((_vector_spacing == 0x0) || (SIZEOF (.vector_50) <= (_vector_spacing << 0x5))), function at exception vector 50 too large)

.vector_51      0x9d03f860        0x0
 *(.vector_51)
                0x00000001                ASSERT (((_vector_spacing == 0x0) || (SIZEOF (.vector_51) <= (_vector_spacing << 0x5))), function at exception vector 51 too large)

.vector_52      0x9d03f880        0x0
 *(.vector_52)
                0x00000001                ASSERT (((_vector_spacing == 0x0) || (SIZEOF (.vector_52) <= (_vector_spacing << 0x5))), function at exception vector 52 too large)

.vector_53      0x9d03f8a0        0x0
 *(.vector_53)
                0x00000001                ASSERT (((_vector_spacing == 0x0) || (SIZEOF (.vector_53) <= (_vector_spacing << 0x5))), function at exception vector 53 too large)

.vector_54      0x9d03f8c0        0x0
 *(.vector_54)
                0x00000001                ASSERT (((_vector_spacing == 0x0) || (SIZEOF (.vector_54) <= (_vector_spacing << 0x5))), function at exception vector 54 too large)

.vector_55      0x9d03f8e0        0x0
 *(.vector_55)
                0x00000001                ASSERT (((_vector_spacing == 0x0) || (SIZEOF (.vector_55) <= (_vector_spacing << 0x5))), function at exception vector 55 too large)

.vector_56      0x9d03f900        0x0
 *(.vector_56)
                0x00000001                ASSERT (((_vector_spacing == 0x0) || (SIZEOF (.vector_56) <= (_vector_spacing << 0x5))), function at exception vector 56 too large)

.vector_57      0x9d03f920        0x0
 *(.vector_57)
                0x00000001                ASSERT (((_vector_spacing == 0x0) || (SIZEOF (.vector_57) <= (_vector_spacing << 0x5))), function at exception vector 57 too large)

.vector_58      0x9d03f940        0x0
 *(.vector_58)
                0x00000001                ASSERT (((_vector_spacing == 0x0) || (SIZEOF (.vector_58) <= (_vector_spacing << 0x5))), function at exception vector 58 too large)

.vector_59      0x9d03f960        0x0
 *(.vector_59)
                0x00000001                ASSERT (((_vector_spacing == 0x0) || (SIZEOF (.vector_59) <= (_vector_spacing << 0x5))), function at exception vector 59 too large)

.vector_60      0x9d03f980        0x0
 *(.vector_60)
                0x00000001                ASSERT (((_vector_spacing == 0x0) || (SIZEOF (.vector_60) <= (_vector_spacing << 0x5))), function at exception vector 60 too large)

.vector_61      0x9d03f9a0        0x0
 *(.vector_61)
                0x00000001                ASSERT (((_vector_spacing == 0x0) || (SIZEOF (.vector_61) <= (_vector_spacing << 0x5))), function at exception vector 61 too large)

.vector_62      0x9d03f9c0        0x0
 *(.vector_62)
                0x00000001                ASSERT (((_vector_spacing == 0x0) || (SIZEOF (.vector_62) <= (_vector_spacing << 0x5))), function at exception vector 62 too large)

.vector_63      0x9d03f9e0        0x0
 *(.vector_63)
                0x00000001                ASSERT (((_vector_spacing == 0x0) || (SIZEOF (.vector_63) <= (_vector_spacing << 0x5))), function at exception vector 63 too large)

.startup
 *(.startup)

.text           0x9d000000        0x0
 *(.stub .gnu.linkonce.t.*)
 *(.text.*personality*)
 *(.mips16.fn.*)
 *(.mips16.call.*)
 *(.gnu.warning)
                0x9d000000                . = ALIGN (0x4)

.init           0x9d000000        0x0
 *crti.o(.init)
 *crtbegin.o(.init)
 *(EXCLUDE_FILE(*crtn.o *crtend?.o *crtend.o) .init)
 *crtend.o(.init)
 *crtn.o(.init)
                0x9d000000                . = ALIGN (0x4)

.fini           0x9d000000        0x0
 *(.fini)
                0x9d000000                . = ALIGN (0x4)

.preinit_array  0x9d000000        0x0
                0x9d000000                PROVIDE (__preinit_array_start, .)
 *(.preinit_array)
                0x9d000000                PROVIDE (__preinit_array_end, .)
                0x9d000000                . = ALIGN (0x4)

.init_array     0x9d000000        0x0
                0x9d000000                PROVIDE (__init_array_start, .)
 *(SORT(.init_array.*))
 *(.init_array)
                0x9d000000                PROVIDE (__init_array_end, .)
                0x9d000000                . = ALIGN (0x4)

.fini_array     0x9d000000        0x0
                0x9d000000                PROVIDE (__fini_array_start, .)
 *(SORT(.fini_array.*))
 *(.fini_array)
                0x9d000000                PROVIDE (__fini_array_end, .)
                0x9d000000                . = ALIGN (0x4)

.ctors          0x9d000000        0x0
 *crtbegin.o(.ctors)
 *crtbegin?.o(.ctors)
 *(EXCLUDE_FILE(*crtend?.o *crtend.o) .ctors)
 *(SORT(.ctors.*))
 *(.ctors)
                0x9d000000                . = ALIGN (0x4)

.dtors          0x9d000000        0x0
 *crtbegin.o(.dtors)
 *crtbegin?.o(.dtors)
 *(EXCLUDE_FILE(*crtend?.o *crtend.o) .dtors)
 *(SORT(.dtors.*))
 *(.dtors)
                0x9d000000                . = ALIGN (0x4)

.rodata         0x9d000000        0x0
 *(.gnu.linkonce.r.*)
 *(.rodata1)
                0x9d000000                . = ALIGN (0x4)

.sdata2         0x9fc00490        0x0
 *(.sdata2 .sdata2.* .gnu.linkonce.s2.*)
                0x9fc00490                . = ALIGN (0x4)

.sbss2          0x9fc00490        0x0
 *(.sbss2 .sbss2.* .gnu.linkonce.sb2.*)
                0x9fc00490                . = ALIGN (0x4)

.eh_frame_hdr
 *(.eh_frame_hdr)
                0x9fc00490                . = ALIGN (0x4)

.eh_frame
 *(.eh_frame)
                0x9fc00490                . = ALIGN (0x4)

.gcc_except_table
 *(.gcc_except_table .gcc_except_table.*)
                0x9fc00490                . = ALIGN (0x4)

.dbg_data       0xa0000000        0x0
                0xa0000000                . = (. + DEFINED (_DEBUGGER)?0x200:0x0)

.jcr            0xa0000000        0x0
 *(.jcr)
                0xa0000000                . = ALIGN (0x4)

.eh_frame
 *(.eh_frame)
                0xa0000000                . = ALIGN (0x4)

.gcc_except_table
 *(.gcc_except_table .gcc_except_table.*)
                0xa0000000                . = ALIGN (0x4)

.persist        0xa0000000        0x0
                0xa0000000                _persist_begin = .
 *(.persist .persist.*)
 *(.pbss .pbss.*)
                0xa0000000                . = ALIGN (0x4)
                0xa0000000                _persist_end = .

.data           0xa0000000        0x0
 *(.gnu.linkonce.d.*)
 *(.data1)
                0xa0000000                . = ALIGN (0x4)
                0xa0000000                . = .
                0xa0007ff0                _gp = (ALIGN (0x10) + 0x7ff0)

.got            0xa0000000        0x0
 *(.got.plt)
 *(.got)
                0xa0000000                . = ALIGN (0x4)

.sdata          0xa0000000        0xc
                0xa0000000                _sdata_begin = .
 *(.sdata .sdata.* .gnu.linkonce.s.*)
 .sdata         0xa0000000        0x1 build/default/production/hardware/Pinguino/diskio.o
 .sdata         0xa0000001        0x1 build/default/production/hardware/tvout/vga.o
 .sdata         0xa0000002        0x1 build/default/production/vt100.o
 *fill*         0xa0000003        0x1 
 .sdata         0xa0000004        0x4 build/default/production/shell.o
 .sdata         0xa0000008        0x4 /opt/microchip/xc32/v1.44/bin/bin/../../lib/gcc/pic32mx/4.8.3/../../../../pic32mx/lib/libpic32.a(xc32_uart.o)
                0xa0000008                __XC_UART
                0xa000000c                . = ALIGN (0x4)
                0xa000000c                _sdata_end = .

.lit8
 *(.lit8)

.lit4
 *(.lit4)
                0xa000000c                . = ALIGN (0x4)
                0xa000000c                _data_end = .
                0xa000000c                _bss_begin = .

.sbss           0xa000000c       0xcc
                0xa000000c                _sbss_begin = .
 *(.dynsbss)
 *(.sbss .sbss.* .gnu.linkonce.sb.*)
 .sbss          0xa000000c       0x40 build/default/production/vpcBASIC/BASIC.o
 .sbss          0xa000004c        0x2 build/default/production/hardware/ps2_kbd/keyboard.o
 .sbss          0xa000004e        0x6 build/default/production/hardware/Pinguino/diskio.o
 .sbss          0xa0000054       0x10 build/default/production/hardware/serial_comm/serial_comm.o
 .sbss          0xa0000064        0x8 build/default/production/hardware/sound/sound.o
                0xa0000068                fSound
 .sbss          0xa000006c        0x1 build/default/production/hardware/store/store_spi.o
                0xa000006c                store_initialized
 *fill*         0xa000006d        0x3 
 .sbss          0xa0000070       0x18 build/default/production/hardware/tvout/vga.o
 .sbss          0xa0000088        0x4 build/default/production/hardware/HardwareProfile.o
 .sbss          0xa000008c        0x8 build/default/production/hardware/Pinguino/ff.o
 .sbss          0xa0000094        0x2 build/default/production/vt100.o
 .sbss          0xa0000096        0x2 build/default/production/shell.o
                0xa0000096                con
 .sbss          0xa0000098        0x4 build/default/production/reader.o
                0xa0000098                complevel
 .sbss          0xa000009c       0x10 build/default/production/editor.o
 *(.scommon)
 .scommon       0xa00000ac       0x15 build/default/production/vpcBASIC/BASIC.o
                0xa00000ac                heap_size
                0xa00000b0                AccSize
                0xa00000b4                FError
                0xa00000b8                Fat
                0xa00000bc                AccDirs
                0xa00000be                AccFiles
                0xa00000c0                SDCS
 .scommon       0xa00000c1        0x0 build/default/production/vpcBASIC/testVM.o
 .scommon       0xa00000c1        0x0 build/default/production/hardware/ps2_kbd/keyboard.o
 *fill*         0xa00000c1        0x3 
 .scommon       0xa00000c4        0x4 build/default/production/hardware/rtcc/rtcc.o
                0xa00000c4                rtcc_error
 .scommon       0xa00000c8        0x0 build/default/production/hardware/Pinguino/sdmmc.o
 .scommon       0xa00000c8        0x0 build/default/production/hardware/Pinguino/diskio.o
 .scommon       0xa00000c8        0x0 build/default/production/hardware/serial_comm/serial_comm.o
 .scommon       0xa00000c8        0x4 build/default/production/hardware/sound/sound.o
                0xa00000c8                duration
 .scommon       0xa00000cc        0x0 build/default/production/hardware/spiram/spiram.o
 .scommon       0xa00000cc        0x0 build/default/production/hardware/store/store_spi.o
 .scommon       0xa00000cc        0x0 build/default/production/hardware/tvout/vga.o
 .scommon       0xa00000cc        0x4 build/default/production/hardware/HardwareProfile.o
                0xa00000cc                sys_ticks
 .scommon       0xa00000d0        0x0 build/default/production/hardware/exception.o
 .scommon       0xa00000d0        0x0 build/default/production/hardware/syscall.o
 .scommon       0xa00000d0        0x4 build/default/production/hardware/Pinguino/fileio.o
                0xa00000d0                SDCardReady
 .scommon       0xa00000d4        0x0 build/default/production/vpc-32.o
 .scommon       0xa00000d4        0x0 build/default/production/console.o
 .scommon       0xa00000d4        0x0 build/default/production/vt100.o
 .scommon       0xa00000d4        0x0 build/default/production/shell.o
 .scommon       0xa00000d4        0x0 build/default/production/reader.o
 .scommon       0xa00000d4        0x4 build/default/production/editor.o
                0xa00000d4                screen
                0xa00000d8                _sbss_end = .
                0xa00000d8                . = ALIGN (0x4)

.bss            0xa00000d8     0x3858
 *(.dynbss)
 *(COMMON)
 COMMON         0xa00000d8       0x18 build/default/production/vpcBASIC/BASIC.o
                0xa00000d8                Finfo
 COMMON         0xa00000f0     0x3840 build/default/production/hardware/tvout/vga.o
                0xa00000f0                video_bmp
                0xa0003930                . = ALIGN ((. != 0x0)?0x4:0x1)
                0xa0003930                . = ALIGN (0x4)
                0xa0003930                _end = .
                0xa0003930                _bss_end = .
                0x00010000                _bmxdudba_address = 0x10000
                0x00010000                _bmxdupba_address = 0x10000

/DISCARD/
 *(.pdr)
 *(.rel.dyn)
 *(.note.GNU-stack)
 *(.note.GNU-stack)
 *(.gnu_debuglink)
 *(.gnu.lto_*)
 *(.discard)

.gptab.sdata
 *(.gptab.data)
 *(.gptab.sdata)

.gptab.sbss
 *(.gptab.bss)
 *(.gptab.sbss)

.mdebug.abi32   0xa0003930        0x0
 *(.mdebug.abi32)
 .mdebug.abi32  0xa0003930        0x0 build/default/production/vpcBASIC/BASIC.o
 .mdebug.abi32  0xa0003930        0x0 build/default/production/vpcBASIC/testVM.o
 .mdebug.abi32  0xa0003930        0x0 build/default/production/hardware/ps2_kbd/keyboard.o
 .mdebug.abi32  0xa0003930        0x0 build/default/production/hardware/rtcc/rtcc.o
 .mdebug.abi32  0xa0003930        0x0 build/default/production/hardware/Pinguino/sdmmc.o
 .mdebug.abi32  0xa0003930        0x0 build/default/production/hardware/Pinguino/diskio.o
 .mdebug.abi32  0xa0003930        0x0 build/default/production/hardware/serial_comm/serial_comm.o
 .mdebug.abi32  0xa0003930        0x0 build/default/production/hardware/sound/sound.o
 .mdebug.abi32  0xa0003930        0x0 build/default/production/hardware/spiram/spiram.o
 .mdebug.abi32  0xa0003930        0x0 build/default/production/hardware/store/store_spi.o
 .mdebug.abi32  0xa0003930        0x0 build/default/production/hardware/tvout/vga.o
 .mdebug.abi32  0xa0003930        0x0 build/default/production/hardware/HardwareProfile.o
 .mdebug.abi32  0xa0003930        0x0 build/default/production/hardware/exception.o
 .mdebug.abi32  0xa0003930        0x0 build/default/production/hardware/syscall.o
 .mdebug.abi32  0xa0003930        0x0 build/default/production/hardware/Pinguino/ff.o
 .mdebug.abi32  0xa0003930        0x0 build/default/production/hardware/Pinguino/fileio.o
 .mdebug.abi32  0xa0003930        0x0 build/default/production/font.o
 .mdebug.abi32  0xa0003930        0x0 build/default/production/vpc-32.o
 .mdebug.abi32  0xa0003930        0x0 build/default/production/graphics.o
 .mdebug.abi32  0xa0003930        0x0 build/default/production/console.o
 .mdebug.abi32  0xa0003930        0x0 build/default/production/vt100.o
 .mdebug.abi32  0xa0003930        0x0 build/default/production/shell.o
 .mdebug.abi32  0xa0003930        0x0 build/default/production/reader.o
 .mdebug.abi32  0xa0003930        0x0 build/default/production/editor.o
 .mdebug.abi32  0xa0003930        0x0 /opt/microchip/xc32/v1.44/bin/bin/../../lib/gcc/pic32mx/4.8.3/../../../../pic32mx/lib/libmchp_peripheral.a(open_core_timer_lib.o)
 .mdebug.abi32  0xa0003930        0x0 /opt/microchip/xc32/v1.44/bin/bin/../../lib/gcc/pic32mx/4.8.3/../../../../pic32mx/lib/libmchp_peripheral_32MX170F256B.a(int_disable_interrupts_lib.o)
 .mdebug.abi32  0xa0003930        0x0 /opt/microchip/xc32/v1.44/bin/bin/../../lib/gcc/pic32mx/4.8.3/../../../../pic32mx/lib/libmchp_peripheral_32MX170F256B.a(int_restore_interrupts_lib.o)
 .mdebug.abi32  0xa0003930        0x0 /opt/microchip/xc32/v1.44/bin/bin/../../lib/gcc/pic32mx/4.8.3/../../../../pic32mx/lib/libmchp_peripheral_32MX170F256B.a(int_enable_mv_int_lib.o)
 .mdebug.abi32  0xa0003930        0x0 /opt/microchip/xc32/v1.44/bin/bin/../../lib/gcc/pic32mx/4.8.3/../../../../pic32mx/lib/libmchp_peripheral_32MX170F256B.a(spi_chn_set_bitrate_lib.o)
 .mdebug.abi32  0xa0003930        0x0 /opt/microchip/xc32/v1.44/bin/bin/../../lib/gcc/pic32mx/4.8.3/../../../../pic32mx/lib/libmchp_peripheral_32MX170F256B.a(spi_map_tbl_libp.o)
 .mdebug.abi32  0xa0003930        0x0 /opt/microchip/xc32/v1.44/bin/bin/../../lib/gcc/pic32mx/4.8.3/../../../../pic32mx/lib/libmchp_peripheral_32MX170F256B.a(dma_chn_open_lib.o)
 .mdebug.abi32  0xa0003930        0x0 /opt/microchip/xc32/v1.44/bin/bin/../../lib/gcc/pic32mx/4.8.3/../../../../pic32mx/lib/libmchp_peripheral_32MX170F256B.a(dma_chn_write_event_control_flags_lib.o)
 .mdebug.abi32  0xa0003930        0x0 /opt/microchip/xc32/v1.44/bin/bin/../../lib/gcc/pic32mx/4.8.3/../../../../pic32mx/lib/libmchp_peripheral_32MX170F256B.a(dma_chn_set_txfer_lib.o)
 .mdebug.abi32  0xa0003930        0x0 /opt/microchip/xc32/v1.44/bin/bin/../../lib/gcc/pic32mx/4.8.3/../../../../pic32mx/lib/libmchp_peripheral_32MX170F256B.a(dma_reg_map_tbl_lib.o)
 .mdebug.abi32  0xa0003930        0x0 /opt/microchip/xc32/v1.44/bin/bin/../../lib/gcc/pic32mx/4.8.3/../../../../pic32mx/lib/libmchp_peripheral_32MX170F256B.a(uart_lib.o)
 .mdebug.abi32  0xa0003930        0x0 /opt/microchip/xc32/v1.44/bin/bin/../../lib/gcc/pic32mx/4.8.3/../../../../pic32mx/lib/libmchp_peripheral_32MX170F256B.a(int_enable_interrupts_lib.o)
 .mdebug.abi32  0xa0003930        0x0 /opt/microchip/xc32/v1.44/bin/bin/../../lib/gcc/pic32mx/4.8.3/../../../../pic32mx/lib/libmchp_peripheral_32MX170F256B.a(int_tbl_lib.o)
 .mdebug.abi32  0xa0003930        0x0 /opt/microchip/xc32/v1.44/bin/bin/../../lib/gcc/pic32mx/4.8.3/../../../../pic32mx/lib/libpic32.a(default-bootstrap-exception-handler.o)
 .mdebug.abi32  0xa0003930        0x0 /opt/microchip/xc32/v1.44/bin/bin/../../lib/gcc/pic32mx/4.8.3/../../../../pic32mx/lib/libpic32.a(default-on-reset.o)
 .mdebug.abi32  0xa0003930        0x0 /opt/microchip/xc32/v1.44/bin/bin/../../lib/gcc/pic32mx/4.8.3/../../../../pic32mx/lib/libpic32.a(default-on-bootstrap.o)
 .mdebug.abi32  0xa0003930        0x0 /opt/microchip/xc32/v1.44/bin/bin/../../lib/gcc/pic32mx/4.8.3/../../../../pic32mx/lib/libpic32.a(defaultinterrupt.o)
 .mdebug.abi32  0xa0003930        0x0 /opt/microchip/xc32/v1.44/bin/bin/../../lib/gcc/pic32mx/4.8.3/../../../../pic32mx/lib/libc.a(atoi.o)
 .mdebug.abi32  0xa0003930        0x0 /opt/microchip/xc32/v1.44/bin/bin/../../lib/gcc/pic32mx/4.8.3/../../../../pic32mx/lib/libc.a(calloc.o)
 .mdebug.abi32  0xa0003930        0x0 /opt/microchip/xc32/v1.44/bin/bin/../../lib/gcc/pic32mx/4.8.3/../../../../pic32mx/lib/libc.a(ctype.o)
 .mdebug.abi32  0xa0003930        0x0 /opt/microchip/xc32/v1.44/bin/bin/../../lib/gcc/pic32mx/4.8.3/../../../../pic32mx/lib/libc.a(ctypef.o)
 .mdebug.abi32  0xa0003930        0x0 /opt/microchip/xc32/v1.44/bin/bin/../../lib/gcc/pic32mx/4.8.3/../../../../pic32mx/lib/libc.a(malloc.o)
 .mdebug.abi32  0xa0003930        0x0 /opt/microchip/xc32/v1.44/bin/bin/../../lib/gcc/pic32mx/4.8.3/../../../../pic32mx/lib/libc.a(memmove.o)
 .mdebug.abi32  0xa0003930        0x0 /opt/microchip/xc32/v1.44/bin/bin/../../lib/gcc/pic32mx/4.8.3/../../../../pic32mx/lib/libc.a(rand.o)
 .mdebug.abi32  0xa0003930        0x0 /opt/microchip/xc32/v1.44/bin/bin/../../lib/gcc/pic32mx/4.8.3/../../../../pic32mx/lib/libc.a(strcat.o)
 .mdebug.abi32  0xa0003930        0x0 /opt/microchip/xc32/v1.44/bin/bin/../../lib/gcc/pic32mx/4.8.3/../../../../pic32mx/lib/libc.a(strchr.o)
 .mdebug.abi32  0xa0003930        0x0 /opt/microchip/xc32/v1.44/bin/bin/../../lib/gcc/pic32mx/4.8.3/../../../../pic32mx/lib/libc.a(strstr.o)
 .mdebug.abi32  0xa0003930        0x0 /opt/microchip/xc32/v1.44/bin/bin/../../lib/gcc/pic32mx/4.8.3/../../../../pic32mx/lib/libc.a(sprintf_cdnopsuxX.eo)
 .mdebug.abi32  0xa0003930        0x0 /opt/microchip/xc32/v1.44/bin/bin/../../lib/gcc/pic32mx/4.8.3/../../../../pic32mx/lib/libc.a(strncmp.o)
 .mdebug.abi32  0xa0003930        0x0 /opt/microchip/xc32/v1.44/bin/bin/../../lib/gcc/pic32mx/4.8.3/../../../../pic32mx/lib/libc.a(doprnt_cdnopsuxX.eo)
 .mdebug.abi32  0xa0003930        0x0 /opt/microchip/xc32/v1.44/bin/bin/../../lib/gcc/pic32mx/4.8.3/../../../../pic32mx/lib/libc.a(_fputc_simple.o)
 .mdebug.abi32  0xa0003930        0x0 /opt/microchip/xc32/v1.44/bin/bin/../../lib/gcc/pic32mx/4.8.3/../../../../pic32mx/lib/libc.a(_iob.o)
 .mdebug.abi32  0xa0003930        0x0 /opt/microchip/xc32/v1.44/bin/bin/../../lib/gcc/pic32mx/4.8.3/../../../../pic32mx/lib/libc.a(_flsbuf_simple.o)
 .mdebug.abi32  0xa0003930        0x0 /opt/microchip/xc32/v1.44/bin/bin/../../lib/gcc/pic32mx/4.8.3/../../../../pic32mx/lib/libm.a(floor.o)
 .mdebug.abi32  0xa0003930        0x0 /opt/microchip/xc32/v1.44/bin/bin/../../lib/gcc/pic32mx/4.8.3/../../../../pic32mx/lib/libm.a(w_acosf.o)
 .mdebug.abi32  0xa0003930        0x0 /opt/microchip/xc32/v1.44/bin/bin/../../lib/gcc/pic32mx/4.8.3/../../../../pic32mx/lib/libm.a(w_asinf.o)
 .mdebug.abi32  0xa0003930        0x0 /opt/microchip/xc32/v1.44/bin/bin/../../lib/gcc/pic32mx/4.8.3/../../../../pic32mx/lib/libm.a(w_expf.o)
 .mdebug.abi32  0xa0003930        0x0 /opt/microchip/xc32/v1.44/bin/bin/../../lib/gcc/pic32mx/4.8.3/../../../../pic32mx/lib/libm.a(w_log10f.o)
 .mdebug.abi32  0xa0003930        0x0 /opt/microchip/xc32/v1.44/bin/bin/../../lib/gcc/pic32mx/4.8.3/../../../../pic32mx/lib/libm.a(w_logf.o)
 .mdebug.abi32  0xa0003930        0x0 /opt/microchip/xc32/v1.44/bin/bin/../../lib/gcc/pic32mx/4.8.3/../../../../pic32mx/lib/libm.a(w_powf.o)
 .mdebug.abi32  0xa0003930        0x0 /opt/microchip/xc32/v1.44/bin/bin/../../lib/gcc/pic32mx/4.8.3/../../../../pic32mx/lib/libm.a(w_sqrtf.o)
 .mdebug.abi32  0xa0003930        0x0 /opt/microchip/xc32/v1.44/bin/bin/../../lib/gcc/pic32mx/4.8.3/../../../../pic32mx/lib/libm.a(support.o)
 .mdebug.abi32  0xa0003930        0x0 /opt/microchip/xc32/v1.44/bin/bin/../../lib/gcc/pic32mx/4.8.3/../../../../pic32mx/lib/libm.a(s_lib_ver.o)
 .mdebug.abi32  0xa0003930        0x0 /opt/microchip/xc32/v1.44/bin/bin/../../lib/gcc/pic32mx/4.8.3/libgcc.a(_udivdi3.o)
 .mdebug.abi32  0xa0003930        0x0 /opt/microchip/xc32/v1.44/bin/bin/../../lib/gcc/pic32mx/4.8.3/libgcc.a(_umoddi3.o)
 .mdebug.abi32  0xa0003930        0x0 /opt/microchip/xc32/v1.44/bin/bin/../../lib/gcc/pic32mx/4.8.3/../../../../pic32mx/lib/libpic32.a(sbrk.o)
 .mdebug.abi32  0xa0003930        0x0 /opt/microchip/xc32/v1.44/bin/bin/../../lib/gcc/pic32mx/4.8.3/../../../../pic32mx/lib/libpic32.a(write.o)
 .mdebug.abi32  0xa0003930        0x0 /opt/microchip/xc32/v1.44/bin/bin/../../lib/gcc/pic32mx/4.8.3/../../../../pic32mx/lib/libpic32.a(errno.o)
 .mdebug.abi32  0xa0003930        0x0 /opt/microchip/xc32/v1.44/bin/bin/../../lib/gcc/pic32mx/4.8.3/../../../../pic32mx/lib/libpic32.a(isinf.o)
 .mdebug.abi32  0xa0003930        0x0 /opt/microchip/xc32/v1.44/bin/bin/../../lib/gcc/pic32mx/4.8.3/../../../../pic32mx/lib/libpic32.a(_mon_putc.o)
 .mdebug.abi32  0xa0003930        0x0 /opt/microchip/xc32/v1.44/bin/bin/../../lib/gcc/pic32mx/4.8.3/../../../../pic32mx/lib/libpic32.a(xc32_uart.o)
 .mdebug.abi32  0xa0003930        0x0 /opt/microchip/xc32/v1.44/bin/bin/../../lib/gcc/pic32mx/4.8.3/../../../../pic32mx/lib/libe.a(_unorddf2.o)

.mdebug.abiN32
 *(.mdebug.abiN32)

.mdebug.abi64
 *(.mdebug.abi64)

.mdebug.abiO64
 *(.mdebug.abiO64)

.mdebug.eabi32
 *(.mdebug.eabi32)

.mdebug.eabi64
 *(.mdebug.eabi64)

.gcc_compiled_long32
 *(.gcc_compiled_long32)

.gcc_compiled_long64
 *(.gcc_compiled_long64)

.stab
 *(.stab)

.stabstr
 *(.stabstr)

.stab.excl
 *(.stab.excl)

.stab.exclstr
 *(.stab.exclstr)

.stab.index
 *(.stab.index)

.stab.indexstr
 *(.stab.indexstr)

.comment        0x00000000      0x211
 *(.comment)
 .comment       0x00000000       0x3c build/default/production/vpcBASIC/BASIC.o
                                 0x3d (size before relaxing)
 .comment       0x00000000       0x3d build/default/production/vpcBASIC/testVM.o
 .comment       0x00000000       0x3d build/default/production/hardware/ps2_kbd/keyboard.o
 .comment       0x00000000       0x3d build/default/production/hardware/rtcc/rtcc.o
 .comment       0x00000000       0x3d build/default/production/hardware/Pinguino/sdmmc.o
 .comment       0x00000000       0x3d build/default/production/hardware/Pinguino/diskio.o
 .comment       0x00000000       0x3d build/default/production/hardware/serial_comm/serial_comm.o
 .comment       0x00000000       0x3d build/default/production/hardware/sound/sound.o
 .comment       0x00000000       0x3d build/default/production/hardware/spiram/spiram.o
 .comment       0x00000000       0x3d build/default/production/hardware/store/store_spi.o
 .comment       0x00000000       0x3d build/default/production/hardware/tvout/vga.o
 .comment       0x00000000       0x3d build/default/production/hardware/HardwareProfile.o
 .comment       0x00000000       0x3d build/default/production/hardware/exception.o
 .comment       0x00000000       0x3d build/default/production/hardware/syscall.o
 .comment       0x00000000       0x3d build/default/production/hardware/Pinguino/ff.o
 .comment       0x00000000       0x3d build/default/production/hardware/Pinguino/fileio.o
 .comment       0x00000000       0x3d build/default/production/font.o
 .comment       0x00000000       0x3d build/default/production/vpc-32.o
 .comment       0x00000000       0x3d build/default/production/graphics.o
 .comment       0x00000000       0x3d build/default/production/console.o
 .comment       0x00000000       0x3d build/default/production/vt100.o
 .comment       0x00000000       0x3d build/default/production/shell.o
 .comment       0x00000000       0x3d build/default/production/reader.o
 .comment       0x00000000       0x3d build/default/production/editor.o
 .comment       0x0000003c       0x3c /opt/microchip/xc32/v1.44/bin/bin/../../lib/gcc/pic32mx/4.8.3/../../../../pic32mx/lib/libmchp_peripheral.a(open_core_timer_lib.o)
                                 0x3d (size before relaxing)
 .comment       0x00000000       0x3d /opt/microchip/xc32/v1.44/bin/bin/../../lib/gcc/pic32mx/4.8.3/../../../../pic32mx/lib/libmchp_peripheral_32MX170F256B.a(int_disable_interrupts_lib.o)
 .comment       0x00000000       0x3d /opt/microchip/xc32/v1.44/bin/bin/../../lib/gcc/pic32mx/4.8.3/../../../../pic32mx/lib/libmchp_peripheral_32MX170F256B.a(int_restore_interrupts_lib.o)
 .comment       0x00000000       0x3d /opt/microchip/xc32/v1.44/bin/bin/../../lib/gcc/pic32mx/4.8.3/../../../../pic32mx/lib/libmchp_peripheral_32MX170F256B.a(int_enable_mv_int_lib.o)
 .comment       0x00000000       0x3d /opt/microchip/xc32/v1.44/bin/bin/../../lib/gcc/pic32mx/4.8.3/../../../../pic32mx/lib/libmchp_peripheral_32MX170F256B.a(spi_chn_set_bitrate_lib.o)
 .comment       0x00000000       0x3d /opt/microchip/xc32/v1.44/bin/bin/../../lib/gcc/pic32mx/4.8.3/../../../../pic32mx/lib/libmchp_peripheral_32MX170F256B.a(spi_map_tbl_libp.o)
 .comment       0x00000000       0x3d /opt/microchip/xc32/v1.44/bin/bin/../../lib/gcc/pic32mx/4.8.3/../../../../pic32mx/lib/libmchp_peripheral_32MX170F256B.a(dma_chn_open_lib.o)
 .comment       0x00000000       0x3d /opt/microchip/xc32/v1.44/bin/bin/../../lib/gcc/pic32mx/4.8.3/../../../../pic32mx/lib/libmchp_peripheral_32MX170F256B.a(dma_chn_write_event_control_flags_lib.o)
 .comment       0x00000000       0x3d /opt/microchip/xc32/v1.44/bin/bin/../../lib/gcc/pic32mx/4.8.3/../../../../pic32mx/lib/libmchp_peripheral_32MX170F256B.a(dma_chn_set_txfer_lib.o)
 .comment       0x00000000       0x3d /opt/microchip/xc32/v1.44/bin/bin/../../lib/gcc/pic32mx/4.8.3/../../../../pic32mx/lib/libmchp_peripheral_32MX170F256B.a(dma_reg_map_tbl_lib.o)
 .comment       0x00000000       0x3d /opt/microchip/xc32/v1.44/bin/bin/../../lib/gcc/pic32mx/4.8.3/../../../../pic32mx/lib/libmchp_peripheral_32MX170F256B.a(uart_lib.o)
 .comment       0x00000000       0x3d /opt/microchip/xc32/v1.44/bin/bin/../../lib/gcc/pic32mx/4.8.3/../../../../pic32mx/lib/libmchp_peripheral_32MX170F256B.a(int_enable_interrupts_lib.o)
 .comment       0x00000000       0x3d /opt/microchip/xc32/v1.44/bin/bin/../../lib/gcc/pic32mx/4.8.3/../../../../pic32mx/lib/libmchp_peripheral_32MX170F256B.a(int_tbl_lib.o)
 .comment       0x00000078       0x18 /opt/microchip/xc32/v1.44/bin/bin/../../lib/gcc/pic32mx/4.8.3/../../../../pic32mx/lib/libpic32.a(memset.o)
                                 0x19 (size before relaxing)
 .comment       0x00000090       0x19 /opt/microchip/xc32/v1.44/bin/bin/../../lib/gcc/pic32mx/4.8.3/../../../../pic32mx/lib/libpic32.a(strcmp.o)
                                 0x1a (size before relaxing)
 .comment       0x000000a9       0x19 /opt/microchip/xc32/v1.44/bin/bin/../../lib/gcc/pic32mx/4.8.3/../../../../pic32mx/lib/libpic32.a(strcpy.o)
                                 0x1a (size before relaxing)
 .comment       0x000000c2       0x19 /opt/microchip/xc32/v1.44/bin/bin/../../lib/gcc/pic32mx/4.8.3/../../../../pic32mx/lib/libpic32.a(strlen.o)
                                 0x1a (size before relaxing)
 .comment       0x00000000       0x3d /opt/microchip/xc32/v1.44/bin/bin/../../lib/gcc/pic32mx/4.8.3/../../../../pic32mx/lib/libpic32.a(default-bootstrap-exception-handler.o)
 .comment       0x00000000       0x3d /opt/microchip/xc32/v1.44/bin/bin/../../lib/gcc/pic32mx/4.8.3/../../../../pic32mx/lib/libpic32.a(default-on-reset.o)
 .comment       0x00000000       0x3d /opt/microchip/xc32/v1.44/bin/bin/../../lib/gcc/pic32mx/4.8.3/../../../../pic32mx/lib/libpic32.a(default-on-bootstrap.o)
 .comment       0x00000000       0x3d /opt/microchip/xc32/v1.44/bin/bin/../../lib/gcc/pic32mx/4.8.3/../../../../pic32mx/lib/libpic32.a(defaultinterrupt.o)
 .comment       0x00000000       0x3d /opt/microchip/xc32/v1.44/bin/bin/../../lib/gcc/pic32mx/4.8.3/../../../../pic32mx/lib/libc.a(atoi.o)
 .comment       0x00000000       0x3d /opt/microchip/xc32/v1.44/bin/bin/../../lib/gcc/pic32mx/4.8.3/../../../../pic32mx/lib/libc.a(calloc.o)
 .comment       0x000000db       0x4e /opt/microchip/xc32/v1.44/bin/bin/../../lib/gcc/pic32mx/4.8.3/../../../../pic32mx/lib/libc.a(ctype.o)
                                 0x8b (size before relaxing)
 .comment       0x00000129       0x4f /opt/microchip/xc32/v1.44/bin/bin/../../lib/gcc/pic32mx/4.8.3/../../../../pic32mx/lib/libc.a(ctypef.o)
                                 0x8c (size before relaxing)
 .comment       0x00000000       0x3d /opt/microchip/xc32/v1.44/bin/bin/../../lib/gcc/pic32mx/4.8.3/../../../../pic32mx/lib/libc.a(malloc.o)
 .comment       0x00000000       0x3d /opt/microchip/xc32/v1.44/bin/bin/../../lib/gcc/pic32mx/4.8.3/../../../../pic32mx/lib/libc.a(memmove.o)
 .comment       0x00000000       0x3d /opt/microchip/xc32/v1.44/bin/bin/../../lib/gcc/pic32mx/4.8.3/../../../../pic32mx/lib/libc.a(rand.o)
 .comment       0x00000000       0x3d /opt/microchip/xc32/v1.44/bin/bin/../../lib/gcc/pic32mx/4.8.3/../../../../pic32mx/lib/libc.a(strcat.o)
 .comment       0x00000000       0x3d /opt/microchip/xc32/v1.44/bin/bin/../../lib/gcc/pic32mx/4.8.3/../../../../pic32mx/lib/libc.a(strchr.o)
 .comment       0x00000000       0x3d /opt/microchip/xc32/v1.44/bin/bin/../../lib/gcc/pic32mx/4.8.3/../../../../pic32mx/lib/libc.a(strstr.o)
 .comment       0x00000000       0x3d /opt/microchip/xc32/v1.44/bin/bin/../../lib/gcc/pic32mx/4.8.3/../../../../pic32mx/lib/libc.a(sprintf_cdnopsuxX.eo)
 .comment       0x00000000       0x3d /opt/microchip/xc32/v1.44/bin/bin/../../lib/gcc/pic32mx/4.8.3/../../../../pic32mx/lib/libc.a(strncmp.o)
 .comment       0x00000000       0x3d /opt/microchip/xc32/v1.44/bin/bin/../../lib/gcc/pic32mx/4.8.3/../../../../pic32mx/lib/libc.a(doprnt_cdnopsuxX.eo)
 .comment       0x00000000       0x3d /opt/microchip/xc32/v1.44/bin/bin/../../lib/gcc/pic32mx/4.8.3/../../../../pic32mx/lib/libc.a(_fputc_simple.o)
 .comment       0x00000000       0x3d /opt/microchip/xc32/v1.44/bin/bin/../../lib/gcc/pic32mx/4.8.3/../../../../pic32mx/lib/libc.a(_iob.o)
 .comment       0x00000000       0x3d /opt/microchip/xc32/v1.44/bin/bin/../../lib/gcc/pic32mx/4.8.3/../../../../pic32mx/lib/libc.a(_flsbuf_simple.o)
 .comment       0x00000000       0x3d /opt/microchip/xc32/v1.44/bin/bin/../../lib/gcc/pic32mx/4.8.3/../../../../pic32mx/lib/libm.a(floor.o)
 .comment       0x00000000       0x3d /opt/microchip/xc32/v1.44/bin/bin/../../lib/gcc/pic32mx/4.8.3/../../../../pic32mx/lib/libm.a(w_acosf.o)
 .comment       0x00000000       0x3d /opt/microchip/xc32/v1.44/bin/bin/../../lib/gcc/pic32mx/4.8.3/../../../../pic32mx/lib/libm.a(w_asinf.o)
 .comment       0x00000000       0x3d /opt/microchip/xc32/v1.44/bin/bin/../../lib/gcc/pic32mx/4.8.3/../../../../pic32mx/lib/libm.a(w_expf.o)
 .comment       0x00000000       0x3d /opt/microchip/xc32/v1.44/bin/bin/../../lib/gcc/pic32mx/4.8.3/../../../../pic32mx/lib/libm.a(w_log10f.o)
 .comment       0x00000000       0x3d /opt/microchip/xc32/v1.44/bin/bin/../../lib/gcc/pic32mx/4.8.3/../../../../pic32mx/lib/libm.a(w_logf.o)
 .comment       0x00000000       0x3d /opt/microchip/xc32/v1.44/bin/bin/../../lib/gcc/pic32mx/4.8.3/../../../../pic32mx/lib/libm.a(w_powf.o)
 .comment       0x00000000       0x3d /opt/microchip/xc32/v1.44/bin/bin/../../lib/gcc/pic32mx/4.8.3/../../../../pic32mx/lib/libm.a(w_sqrtf.o)
 .comment       0x00000000       0x3d /opt/microchip/xc32/v1.44/bin/bin/../../lib/gcc/pic32mx/4.8.3/../../../../pic32mx/lib/libm.a(support.o)
 .comment       0x00000000       0x3d /opt/microchip/xc32/v1.44/bin/bin/../../lib/gcc/pic32mx/4.8.3/../../../../pic32mx/lib/libm.a(s_lib_ver.o)
 .comment       0x00000000       0x3d /opt/microchip/xc32/v1.44/bin/bin/../../lib/gcc/pic32mx/4.8.3/libgcc.a(_udivdi3.o)
 .comment       0x00000000       0x3d /opt/microchip/xc32/v1.44/bin/bin/../../lib/gcc/pic32mx/4.8.3/libgcc.a(_umoddi3.o)
 .comment       0x00000178       0x4b /opt/microchip/xc32/v1.44/bin/bin/../../lib/gcc/pic32mx/4.8.3/../../../../pic32mx/lib/libpic32.a(sbrk.o)
                                 0x88 (size before relaxing)
 .comment       0x00000000       0x3d /opt/microchip/xc32/v1.44/bin/bin/../../lib/gcc/pic32mx/4.8.3/../../../../pic32mx/lib/libpic32.a(write.o)
 .comment       0x00000000       0x3d /opt/microchip/xc32/v1.44/bin/bin/../../lib/gcc/pic32mx/4.8.3/../../../../pic32mx/lib/libpic32.a(errno.o)
 .comment       0x00000000       0x3d /opt/microchip/xc32/v1.44/bin/bin/../../lib/gcc/pic32mx/4.8.3/../../../../pic32mx/lib/libpic32.a(isinf.o)
 .comment       0x00000000       0x3d /opt/microchip/xc32/v1.44/bin/bin/../../lib/gcc/pic32mx/4.8.3/../../../../pic32mx/lib/libpic32.a(_mon_putc.o)
 .comment       0x00000000       0x3d /opt/microchip/xc32/v1.44/bin/bin/../../lib/gcc/pic32mx/4.8.3/../../../../pic32mx/lib/libpic32.a(xc32_uart.o)
 .comment       0x000001c3       0x4e /opt/microchip/xc32/v1.44/bin/bin/../../lib/gcc/pic32mx/4.8.3/../../../../pic32mx/lib/libe.a(_unorddf2.o)
                                 0x8b (size before relaxing)

.debug
 *(.debug)

.line
 *(.line)

.debug_srcinfo
 *(.debug_srcinfo)

.debug_sfnames
 *(.debug_sfnames)

.debug_aranges  0x00000000      0xa98
 *(.debug_aranges)
 .debug_aranges
                0x00000000       0x20 build/default/production/vpcBASIC/vm.o
 .debug_aranges
                0x00000020       0x20 build/default/production/vpcBASIC/BASIC.o
 .debug_aranges
                0x00000040       0x20 build/default/production/vpcBASIC/testVM.o
 .debug_aranges
                0x00000060       0x20 build/default/production/hardware/ps2_kbd/keyboard.o
 .debug_aranges
                0x00000080       0x20 build/default/production/hardware/rtcc/rtcc.o
 .debug_aranges
                0x000000a0       0x20 build/default/production/hardware/Pinguino/sdmmc.o
 .debug_aranges
                0x000000c0       0x20 build/default/production/hardware/Pinguino/diskio.o
 .debug_aranges
                0x000000e0       0x20 build/default/production/hardware/serial_comm/serial_comm.o
 .debug_aranges
                0x00000100       0x20 build/default/production/hardware/sound/sound.o
 .debug_aranges
                0x00000120       0x20 build/default/production/hardware/spiram/spiram.o
 .debug_aranges
                0x00000140       0x20 build/default/production/hardware/store/store_spi.o
 .debug_aranges
                0x00000160       0x20 build/default/production/hardware/tvout/vga.o
 .debug_aranges
                0x00000180       0x20 build/default/production/hardware/HardwareProfile.o
 .debug_aranges
                0x000001a0       0x20 build/default/production/hardware/exception.o
 .debug_aranges
                0x000001c0       0x20 build/default/production/hardware/syscall.o
 .debug_aranges
                0x000001e0       0x20 build/default/production/hardware/Pinguino/ff.o
 .debug_aranges
                0x00000200       0x20 build/default/production/hardware/Pinguino/fileio.o
 .debug_aranges
                0x00000220       0x18 build/default/production/font.o
 .debug_aranges
                0x00000238       0x20 build/default/production/vpc-32.o
 .debug_aranges
                0x00000258       0x20 build/default/production/graphics.o
 .debug_aranges
                0x00000278       0x20 build/default/production/console.o
 .debug_aranges
                0x00000298       0x20 build/default/production/vt100.o
 .debug_aranges
                0x000002b8       0x20 build/default/production/shell.o
 .debug_aranges
                0x000002d8       0x20 build/default/production/reader.o
 .debug_aranges
                0x000002f8       0x20 build/default/production/editor.o
 .debug_aranges
                0x00000318       0x20 /opt/microchip/xc32/v1.44/bin/bin/../../lib/gcc/pic32mx/4.8.3/../../../../pic32mx/lib/libmchp_peripheral.a(open_core_timer_lib.o)
 .debug_aranges
                0x00000338       0x20 /opt/microchip/xc32/v1.44/bin/bin/../../lib/gcc/pic32mx/4.8.3/../../../../pic32mx/lib/libmchp_peripheral_32MX170F256B.a(int_disable_interrupts_lib.o)
 .debug_aranges
                0x00000358       0x20 /opt/microchip/xc32/v1.44/bin/bin/../../lib/gcc/pic32mx/4.8.3/../../../../pic32mx/lib/libmchp_peripheral_32MX170F256B.a(int_restore_interrupts_lib.o)
 .debug_aranges
                0x00000378       0x20 /opt/microchip/xc32/v1.44/bin/bin/../../lib/gcc/pic32mx/4.8.3/../../../../pic32mx/lib/libmchp_peripheral_32MX170F256B.a(int_enable_mv_int_lib.o)
 .debug_aranges
                0x00000398       0x20 /opt/microchip/xc32/v1.44/bin/bin/../../lib/gcc/pic32mx/4.8.3/../../../../pic32mx/lib/libmchp_peripheral_32MX170F256B.a(spi_chn_set_bitrate_lib.o)
 .debug_aranges
                0x000003b8       0x20 /opt/microchip/xc32/v1.44/bin/bin/../../lib/gcc/pic32mx/4.8.3/../../../../pic32mx/lib/libmchp_peripheral_32MX170F256B.a(dma_chn_open_lib.o)
 .debug_aranges
                0x000003d8       0x20 /opt/microchip/xc32/v1.44/bin/bin/../../lib/gcc/pic32mx/4.8.3/../../../../pic32mx/lib/libmchp_peripheral_32MX170F256B.a(dma_chn_write_event_control_flags_lib.o)
 .debug_aranges
                0x000003f8       0x20 /opt/microchip/xc32/v1.44/bin/bin/../../lib/gcc/pic32mx/4.8.3/../../../../pic32mx/lib/libmchp_peripheral_32MX170F256B.a(dma_chn_set_txfer_lib.o)
 .debug_aranges
                0x00000418       0x58 /opt/microchip/xc32/v1.44/bin/bin/../../lib/gcc/pic32mx/4.8.3/../../../../pic32mx/lib/libmchp_peripheral_32MX170F256B.a(uart_lib.o)
 .debug_aranges
                0x00000470       0x20 /opt/microchip/xc32/v1.44/bin/bin/../../lib/gcc/pic32mx/4.8.3/../../../../pic32mx/lib/libmchp_peripheral_32MX170F256B.a(int_enable_interrupts_lib.o)
 .debug_aranges
                0x00000490       0x60 /opt/microchip/xc32/v1.44/bin/bin/../../lib/gcc/pic32mx/4.8.3/../../../../pic32mx/lib/libmchp_peripheral_32MX170F256B.a(int_tbl_lib.o)
 .debug_aranges
                0x000004f0       0x20 /opt/microchip/xc32/v1.44/bin/bin/../../lib/gcc/pic32mx/4.8.3/../../../../pic32mx/lib/libpic32.a(setjmp.o)
 .debug_aranges
                0x00000510       0x20 /opt/microchip/xc32/v1.44/bin/bin/../../lib/gcc/pic32mx/4.8.3/../../../../pic32mx/lib/libpic32.a(default-bootstrap-exception-handler.o)
 .debug_aranges
                0x00000530       0x20 /opt/microchip/xc32/v1.44/bin/bin/../../lib/gcc/pic32mx/4.8.3/../../../../pic32mx/lib/libpic32.a(default-on-reset.o)
 .debug_aranges
                0x00000550       0x20 /opt/microchip/xc32/v1.44/bin/bin/../../lib/gcc/pic32mx/4.8.3/../../../../pic32mx/lib/libpic32.a(default-on-bootstrap.o)
 .debug_aranges
                0x00000570       0x20 /opt/microchip/xc32/v1.44/bin/bin/../../lib/gcc/pic32mx/4.8.3/../../../../pic32mx/lib/libpic32.a(defaultinterrupt.o)
 .debug_aranges
                0x00000590       0x20 /opt/microchip/xc32/v1.44/bin/bin/../../lib/gcc/pic32mx/4.8.3/../../../../pic32mx/lib/libc.a(atoi.o)
 .debug_aranges
                0x000005b0       0x20 /opt/microchip/xc32/v1.44/bin/bin/../../lib/gcc/pic32mx/4.8.3/../../../../pic32mx/lib/libc.a(calloc.o)
 .debug_aranges
                0x000005d0       0xa0 /opt/microchip/xc32/v1.44/bin/bin/../../lib/gcc/pic32mx/4.8.3/../../../../pic32mx/lib/libc.a(ctypef.o)
 .debug_aranges
                0x00000670       0x30 /opt/microchip/xc32/v1.44/bin/bin/../../lib/gcc/pic32mx/4.8.3/../../../../pic32mx/lib/libc.a(malloc.o)
 .debug_aranges
                0x000006a0       0x20 /opt/microchip/xc32/v1.44/bin/bin/../../lib/gcc/pic32mx/4.8.3/../../../../pic32mx/lib/libc.a(memmove.o)
 .debug_aranges
                0x000006c0       0x28 /opt/microchip/xc32/v1.44/bin/bin/../../lib/gcc/pic32mx/4.8.3/../../../../pic32mx/lib/libc.a(rand.o)
 .debug_aranges
                0x000006e8       0x20 /opt/microchip/xc32/v1.44/bin/bin/../../lib/gcc/pic32mx/4.8.3/../../../../pic32mx/lib/libc.a(strcat.o)
 .debug_aranges
                0x00000708       0x20 /opt/microchip/xc32/v1.44/bin/bin/../../lib/gcc/pic32mx/4.8.3/../../../../pic32mx/lib/libc.a(strchr.o)
 .debug_aranges
                0x00000728       0x20 /opt/microchip/xc32/v1.44/bin/bin/../../lib/gcc/pic32mx/4.8.3/../../../../pic32mx/lib/libc.a(strstr.o)
 .debug_aranges
                0x00000748       0x20 /opt/microchip/xc32/v1.44/bin/bin/../../lib/gcc/pic32mx/4.8.3/../../../../pic32mx/lib/libc.a(sprintf_cdnopsuxX.eo)
 .debug_aranges
                0x00000768       0x20 /opt/microchip/xc32/v1.44/bin/bin/../../lib/gcc/pic32mx/4.8.3/../../../../pic32mx/lib/libc.a(strncmp.o)
 .debug_aranges
                0x00000788       0x20 /opt/microchip/xc32/v1.44/bin/bin/../../lib/gcc/pic32mx/4.8.3/../../../../pic32mx/lib/libc.a(doprnt_cdnopsuxX.eo)
 .debug_aranges
                0x000007a8       0x20 /opt/microchip/xc32/v1.44/bin/bin/../../lib/gcc/pic32mx/4.8.3/../../../../pic32mx/lib/libc.a(_fputc_simple.o)
 .debug_aranges
                0x000007c8       0x20 /opt/microchip/xc32/v1.44/bin/bin/../../lib/gcc/pic32mx/4.8.3/../../../../pic32mx/lib/libc.a(_flsbuf_simple.o)
 .debug_aranges
                0x000007e8       0x30 /opt/microchip/xc32/v1.44/bin/bin/../../lib/gcc/pic32mx/4.8.3/../../../../pic32mx/lib/libm.a(floor.o)
 .debug_aranges
                0x00000818       0x20 /opt/microchip/xc32/v1.44/bin/bin/../../lib/gcc/pic32mx/4.8.3/../../../../pic32mx/lib/libm.a(w_acosf.o)
 .debug_aranges
                0x00000838       0x20 /opt/microchip/xc32/v1.44/bin/bin/../../lib/gcc/pic32mx/4.8.3/../../../../pic32mx/lib/libm.a(w_asinf.o)
 .debug_aranges
                0x00000858       0x20 /opt/microchip/xc32/v1.44/bin/bin/../../lib/gcc/pic32mx/4.8.3/../../../../pic32mx/lib/libm.a(w_expf.o)
 .debug_aranges
                0x00000878       0x20 /opt/microchip/xc32/v1.44/bin/bin/../../lib/gcc/pic32mx/4.8.3/../../../../pic32mx/lib/libm.a(w_log10f.o)
 .debug_aranges
                0x00000898       0x20 /opt/microchip/xc32/v1.44/bin/bin/../../lib/gcc/pic32mx/4.8.3/../../../../pic32mx/lib/libm.a(w_logf.o)
 .debug_aranges
                0x000008b8       0x20 /opt/microchip/xc32/v1.44/bin/bin/../../lib/gcc/pic32mx/4.8.3/../../../../pic32mx/lib/libm.a(w_powf.o)
 .debug_aranges
                0x000008d8       0x20 /opt/microchip/xc32/v1.44/bin/bin/../../lib/gcc/pic32mx/4.8.3/../../../../pic32mx/lib/libm.a(w_sqrtf.o)
 .debug_aranges
                0x000008f8       0x78 /opt/microchip/xc32/v1.44/bin/bin/../../lib/gcc/pic32mx/4.8.3/../../../../pic32mx/lib/libm.a(support.o)
 .debug_aranges
                0x00000970       0x20 /opt/microchip/xc32/v1.44/bin/bin/../../lib/gcc/pic32mx/4.8.3/libgcc.a(_udivdi3.o)
 .debug_aranges
                0x00000990       0x20 /opt/microchip/xc32/v1.44/bin/bin/../../lib/gcc/pic32mx/4.8.3/libgcc.a(_umoddi3.o)
 .debug_aranges
                0x000009b0       0x40 /opt/microchip/xc32/v1.44/bin/bin/../../lib/gcc/pic32mx/4.8.3/../../../../pic32mx/lib/libpic32.a(sbrk.o)
 .debug_aranges
                0x000009f0       0x20 /opt/microchip/xc32/v1.44/bin/bin/../../lib/gcc/pic32mx/4.8.3/../../../../pic32mx/lib/libpic32.a(write.o)
 .debug_aranges
                0x00000a10       0x48 /opt/microchip/xc32/v1.44/bin/bin/../../lib/gcc/pic32mx/4.8.3/../../../../pic32mx/lib/libpic32.a(isinf.o)
 .debug_aranges
                0x00000a58       0x20 /opt/microchip/xc32/v1.44/bin/bin/../../lib/gcc/pic32mx/4.8.3/../../../../pic32mx/lib/libpic32.a(_mon_putc.o)
 .debug_aranges
                0x00000a78       0x20 /opt/microchip/xc32/v1.44/bin/bin/../../lib/gcc/pic32mx/4.8.3/../../../../pic32mx/lib/libe.a(_unorddf2.o)

.debug_pubnames
 *(.debug_pubnames)

.debug_info     0x00000000    0x353ae
 *(.debug_info .gnu.linkonce.wi.*)
 .debug_info    0x00000000       0x56 build/default/production/vpcBASIC/vm.o
 .debug_info    0x00000056     0x7278 build/default/production/vpcBASIC/BASIC.o
 .debug_info    0x000072ce     0x124a build/default/production/vpcBASIC/testVM.o
 .debug_info    0x00008518     0x1911 build/default/production/hardware/ps2_kbd/keyboard.o
 .debug_info    0x00009e29     0x31bf build/default/production/hardware/rtcc/rtcc.o
 .debug_info    0x0000cfe8     0x11d7 build/default/production/hardware/Pinguino/sdmmc.o
 .debug_info    0x0000e1bf     0x2002 build/default/production/hardware/Pinguino/diskio.o
 .debug_info    0x000101c1     0x1cbd build/default/production/hardware/serial_comm/serial_comm.o
 .debug_info    0x00011e7e     0x186d build/default/production/hardware/sound/sound.o
 .debug_info    0x000136eb     0x1d67 build/default/production/hardware/spiram/spiram.o
 .debug_info    0x00015452      0xfe6 build/default/production/hardware/store/store_spi.o
 .debug_info    0x00016438     0x2eed build/default/production/hardware/tvout/vga.o
 .debug_info    0x00019325     0x1f47 build/default/production/hardware/HardwareProfile.o
 .debug_info    0x0001b26c     0x11fe build/default/production/hardware/exception.o
 .debug_info    0x0001c46a      0xea4 build/default/production/hardware/syscall.o
 .debug_info    0x0001d30e     0x2f64 build/default/production/hardware/Pinguino/ff.o
 .debug_info    0x00020272     0x1a87 build/default/production/hardware/Pinguino/fileio.o
 .debug_info    0x00021cf9       0xac build/default/production/font.o
 .debug_info    0x00021da5     0x1812 build/default/production/vpc-32.o
 .debug_info    0x000235b7      0x90a build/default/production/graphics.o
 .debug_info    0x00023ec1     0x19c0 build/default/production/console.o
 .debug_info    0x00025881     0x1ca3 build/default/production/vt100.o
 .debug_info    0x00027524     0x4d10 build/default/production/shell.o
 .debug_info    0x0002c234     0x175c build/default/production/reader.o
 .debug_info    0x0002d990     0x438c build/default/production/editor.o
 .debug_info    0x00031d1c       0xa8 /opt/microchip/xc32/v1.44/bin/bin/../../lib/gcc/pic32mx/4.8.3/../../../../pic32mx/lib/libmchp_peripheral.a(open_core_timer_lib.o)
 .debug_info    0x00031dc4       0xb4 /opt/microchip/xc32/v1.44/bin/bin/../../lib/gcc/pic32mx/4.8.3/../../../../pic32mx/lib/libmchp_peripheral_32MX170F256B.a(int_disable_interrupts_lib.o)
 .debug_info    0x00031e78       0xb4 /opt/microchip/xc32/v1.44/bin/bin/../../lib/gcc/pic32mx/4.8.3/../../../../pic32mx/lib/libmchp_peripheral_32MX170F256B.a(int_restore_interrupts_lib.o)
 .debug_info    0x00031f2c       0xba /opt/microchip/xc32/v1.44/bin/bin/../../lib/gcc/pic32mx/4.8.3/../../../../pic32mx/lib/libmchp_peripheral_32MX170F256B.a(int_enable_mv_int_lib.o)
 .debug_info    0x00031fe6       0xad /opt/microchip/xc32/v1.44/bin/bin/../../lib/gcc/pic32mx/4.8.3/../../../../pic32mx/lib/libmchp_peripheral_32MX170F256B.a(spi_chn_set_bitrate_lib.o)
 .debug_info    0x00032093       0xb3 /opt/microchip/xc32/v1.44/bin/bin/../../lib/gcc/pic32mx/4.8.3/../../../../pic32mx/lib/libmchp_peripheral_32MX170F256B.a(dma_chn_open_lib.o)
 .debug_info    0x00032146       0xc7 /opt/microchip/xc32/v1.44/bin/bin/../../lib/gcc/pic32mx/4.8.3/../../../../pic32mx/lib/libmchp_peripheral_32MX170F256B.a(dma_chn_write_event_control_flags_lib.o)
 .debug_info    0x0003220d       0xba /opt/microchip/xc32/v1.44/bin/bin/../../lib/gcc/pic32mx/4.8.3/../../../../pic32mx/lib/libmchp_peripheral_32MX170F256B.a(dma_chn_set_txfer_lib.o)
 .debug_info    0x000322c7      0x17a /opt/microchip/xc32/v1.44/bin/bin/../../lib/gcc/pic32mx/4.8.3/../../../../pic32mx/lib/libmchp_peripheral_32MX170F256B.a(uart_lib.o)
 .debug_info    0x00032441       0xb2 /opt/microchip/xc32/v1.44/bin/bin/../../lib/gcc/pic32mx/4.8.3/../../../../pic32mx/lib/libmchp_peripheral_32MX170F256B.a(int_enable_interrupts_lib.o)
 .debug_info    0x000324f3      0x19c /opt/microchip/xc32/v1.44/bin/bin/../../lib/gcc/pic32mx/4.8.3/../../../../pic32mx/lib/libmchp_peripheral_32MX170F256B.a(int_tbl_lib.o)
 .debug_info    0x0003268f       0xf6 /opt/microchip/xc32/v1.44/bin/bin/../../lib/gcc/pic32mx/4.8.3/../../../../pic32mx/lib/libpic32.a(setjmp.o)
 .debug_info    0x00032785       0xf5 /opt/microchip/xc32/v1.44/bin/bin/../../lib/gcc/pic32mx/4.8.3/../../../../pic32mx/lib/libpic32.a(default-bootstrap-exception-handler.o)
 .debug_info    0x0003287a       0xce /opt/microchip/xc32/v1.44/bin/bin/../../lib/gcc/pic32mx/4.8.3/../../../../pic32mx/lib/libpic32.a(default-on-reset.o)
 .debug_info    0x00032948       0xd6 /opt/microchip/xc32/v1.44/bin/bin/../../lib/gcc/pic32mx/4.8.3/../../../../pic32mx/lib/libpic32.a(default-on-bootstrap.o)
 .debug_info    0x00032a1e       0xe8 /opt/microchip/xc32/v1.44/bin/bin/../../lib/gcc/pic32mx/4.8.3/../../../../pic32mx/lib/libpic32.a(defaultinterrupt.o)
 .debug_info    0x00032b06       0xc2 /opt/microchip/xc32/v1.44/bin/bin/../../lib/gcc/pic32mx/4.8.3/../../../../pic32mx/lib/libc.a(atoi.o)
 .debug_info    0x00032bc8       0xc6 /opt/microchip/xc32/v1.44/bin/bin/../../lib/gcc/pic32mx/4.8.3/../../../../pic32mx/lib/libc.a(calloc.o)
 .debug_info    0x00032c8e      0x23a /opt/microchip/xc32/v1.44/bin/bin/../../lib/gcc/pic32mx/4.8.3/../../../../pic32mx/lib/libc.a(ctypef.o)
 .debug_info    0x00032ec8       0xf7 /opt/microchip/xc32/v1.44/bin/bin/../../lib/gcc/pic32mx/4.8.3/../../../../pic32mx/lib/libc.a(malloc.o)
 .debug_info    0x00032fbf       0xc8 /opt/microchip/xc32/v1.44/bin/bin/../../lib/gcc/pic32mx/4.8.3/../../../../pic32mx/lib/libc.a(memmove.o)
 .debug_info    0x00033087       0xdd /opt/microchip/xc32/v1.44/bin/bin/../../lib/gcc/pic32mx/4.8.3/../../../../pic32mx/lib/libc.a(rand.o)
 .debug_info    0x00033164       0xc6 /opt/microchip/xc32/v1.44/bin/bin/../../lib/gcc/pic32mx/4.8.3/../../../../pic32mx/lib/libc.a(strcat.o)
 .debug_info    0x0003322a       0xc6 /opt/microchip/xc32/v1.44/bin/bin/../../lib/gcc/pic32mx/4.8.3/../../../../pic32mx/lib/libc.a(strchr.o)
 .debug_info    0x000332f0       0xc6 /opt/microchip/xc32/v1.44/bin/bin/../../lib/gcc/pic32mx/4.8.3/../../../../pic32mx/lib/libc.a(strstr.o)
 .debug_info    0x000333b6       0xd3 /opt/microchip/xc32/v1.44/bin/bin/../../lib/gcc/pic32mx/4.8.3/../../../../pic32mx/lib/libc.a(sprintf_cdnopsuxX.eo)
 .debug_info    0x00033489       0xc8 /opt/microchip/xc32/v1.44/bin/bin/../../lib/gcc/pic32mx/4.8.3/../../../../pic32mx/lib/libc.a(strncmp.o)
 .debug_info    0x00033551       0xd4 /opt/microchip/xc32/v1.44/bin/bin/../../lib/gcc/pic32mx/4.8.3/../../../../pic32mx/lib/libc.a(doprnt_cdnopsuxX.eo)
 .debug_info    0x00033625       0xc4 /opt/microchip/xc32/v1.44/bin/bin/../../lib/gcc/pic32mx/4.8.3/../../../../pic32mx/lib/libc.a(_fputc_simple.o)
 .debug_info    0x000336e9       0xc7 /opt/microchip/xc32/v1.44/bin/bin/../../lib/gcc/pic32mx/4.8.3/../../../../pic32mx/lib/libc.a(_flsbuf_simple.o)
 .debug_info    0x000337b0      0x116 /opt/microchip/xc32/v1.44/bin/bin/../../lib/gcc/pic32mx/4.8.3/../../../../pic32mx/lib/libm.a(floor.o)
 .debug_info    0x000338c6       0xbf /opt/microchip/xc32/v1.44/bin/bin/../../lib/gcc/pic32mx/4.8.3/../../../../pic32mx/lib/libm.a(w_acosf.o)
 .debug_info    0x00033985       0xbf /opt/microchip/xc32/v1.44/bin/bin/../../lib/gcc/pic32mx/4.8.3/../../../../pic32mx/lib/libm.a(w_asinf.o)
 .debug_info    0x00033a44       0xbd /opt/microchip/xc32/v1.44/bin/bin/../../lib/gcc/pic32mx/4.8.3/../../../../pic32mx/lib/libm.a(w_expf.o)
 .debug_info    0x00033b01       0xc1 /opt/microchip/xc32/v1.44/bin/bin/../../lib/gcc/pic32mx/4.8.3/../../../../pic32mx/lib/libm.a(w_log10f.o)
 .debug_info    0x00033bc2       0xbd /opt/microchip/xc32/v1.44/bin/bin/../../lib/gcc/pic32mx/4.8.3/../../../../pic32mx/lib/libm.a(w_logf.o)
 .debug_info    0x00033c7f       0xbd /opt/microchip/xc32/v1.44/bin/bin/../../lib/gcc/pic32mx/4.8.3/../../../../pic32mx/lib/libm.a(w_powf.o)
 .debug_info    0x00033d3c       0xbf /opt/microchip/xc32/v1.44/bin/bin/../../lib/gcc/pic32mx/4.8.3/../../../../pic32mx/lib/libm.a(w_sqrtf.o)
 .debug_info    0x00033dfb      0x1da /opt/microchip/xc32/v1.44/bin/bin/../../lib/gcc/pic32mx/4.8.3/../../../../pic32mx/lib/libm.a(support.o)
 .debug_info    0x00033fd5      0x76f /opt/microchip/xc32/v1.44/bin/bin/../../lib/gcc/pic32mx/4.8.3/libgcc.a(_udivdi3.o)
 .debug_info    0x00034744      0x7ac /opt/microchip/xc32/v1.44/bin/bin/../../lib/gcc/pic32mx/4.8.3/libgcc.a(_umoddi3.o)
 .debug_info    0x00034ef0      0x132 /opt/microchip/xc32/v1.44/bin/bin/../../lib/gcc/pic32mx/4.8.3/../../../../pic32mx/lib/libpic32.a(sbrk.o)
 .debug_info    0x00035022       0xc0 /opt/microchip/xc32/v1.44/bin/bin/../../lib/gcc/pic32mx/4.8.3/../../../../pic32mx/lib/libpic32.a(write.o)
 .debug_info    0x000350e2      0x135 /opt/microchip/xc32/v1.44/bin/bin/../../lib/gcc/pic32mx/4.8.3/../../../../pic32mx/lib/libpic32.a(isinf.o)
 .debug_info    0x00035217       0xc8 /opt/microchip/xc32/v1.44/bin/bin/../../lib/gcc/pic32mx/4.8.3/../../../../pic32mx/lib/libpic32.a(_mon_putc.o)
 .debug_info    0x000352df       0xcf /opt/microchip/xc32/v1.44/bin/bin/../../lib/gcc/pic32mx/4.8.3/../../../../pic32mx/lib/libe.a(_unorddf2.o)

.debug_abbrev   0x00000000     0x4f5c
 *(.debug_abbrev)
 .debug_abbrev  0x00000000       0x14 build/default/production/vpcBASIC/vm.o
 .debug_abbrev  0x00000014      0x4a1 build/default/production/vpcBASIC/BASIC.o
 .debug_abbrev  0x000004b5      0x19b build/default/production/vpcBASIC/testVM.o
 .debug_abbrev  0x00000650      0x22a build/default/production/hardware/ps2_kbd/keyboard.o
 .debug_abbrev  0x0000087a      0x447 build/default/production/hardware/rtcc/rtcc.o
 .debug_abbrev  0x00000cc1      0x269 build/default/production/hardware/Pinguino/sdmmc.o
 .debug_abbrev  0x00000f2a      0x316 build/default/production/hardware/Pinguino/diskio.o
 .debug_abbrev  0x00001240      0x2c9 build/default/production/hardware/serial_comm/serial_comm.o
 .debug_abbrev  0x00001509      0x197 build/default/production/hardware/sound/sound.o
 .debug_abbrev  0x000016a0      0x38e build/default/production/hardware/spiram/spiram.o
 .debug_abbrev  0x00001a2e      0x1b0 build/default/production/hardware/store/store_spi.o
 .debug_abbrev  0x00001bde      0x401 build/default/production/hardware/tvout/vga.o
 .debug_abbrev  0x00001fdf      0x3ba build/default/production/hardware/HardwareProfile.o
 .debug_abbrev  0x00002399      0x200 build/default/production/hardware/exception.o
 .debug_abbrev  0x00002599      0x19d build/default/production/hardware/syscall.o
 .debug_abbrev  0x00002736      0x29e build/default/production/hardware/Pinguino/ff.o
 .debug_abbrev  0x000029d4      0x2f5 build/default/production/hardware/Pinguino/fileio.o
 .debug_abbrev  0x00002cc9       0x45 build/default/production/font.o
 .debug_abbrev  0x00002d0e      0x2c1 build/default/production/vpc-32.o
 .debug_abbrev  0x00002fcf      0x12f build/default/production/graphics.o
 .debug_abbrev  0x000030fe      0x2a1 build/default/production/console.o
 .debug_abbrev  0x0000339f      0x3fb build/default/production/vt100.o
 .debug_abbrev  0x0000379a      0x50e build/default/production/shell.o
 .debug_abbrev  0x00003ca8      0x323 build/default/production/reader.o
 .debug_abbrev  0x00003fcb      0x505 build/default/production/editor.o
 .debug_abbrev  0x000044d0       0x28 /opt/microchip/xc32/v1.44/bin/bin/../../lib/gcc/pic32mx/4.8.3/../../../../pic32mx/lib/libmchp_peripheral.a(open_core_timer_lib.o)
 .debug_abbrev  0x000044f8       0x28 /opt/microchip/xc32/v1.44/bin/bin/../../lib/gcc/pic32mx/4.8.3/../../../../pic32mx/lib/libmchp_peripheral_32MX170F256B.a(int_disable_interrupts_lib.o)
 .debug_abbrev  0x00004520       0x28 /opt/microchip/xc32/v1.44/bin/bin/../../lib/gcc/pic32mx/4.8.3/../../../../pic32mx/lib/libmchp_peripheral_32MX170F256B.a(int_restore_interrupts_lib.o)
 .debug_abbrev  0x00004548       0x28 /opt/microchip/xc32/v1.44/bin/bin/../../lib/gcc/pic32mx/4.8.3/../../../../pic32mx/lib/libmchp_peripheral_32MX170F256B.a(int_enable_mv_int_lib.o)
 .debug_abbrev  0x00004570       0x28 /opt/microchip/xc32/v1.44/bin/bin/../../lib/gcc/pic32mx/4.8.3/../../../../pic32mx/lib/libmchp_peripheral_32MX170F256B.a(spi_chn_set_bitrate_lib.o)
 .debug_abbrev  0x00004598       0x37 /opt/microchip/xc32/v1.44/bin/bin/../../lib/gcc/pic32mx/4.8.3/../../../../pic32mx/lib/libmchp_peripheral_32MX170F256B.a(dma_chn_open_lib.o)
 .debug_abbrev  0x000045cf       0x28 /opt/microchip/xc32/v1.44/bin/bin/../../lib/gcc/pic32mx/4.8.3/../../../../pic32mx/lib/libmchp_peripheral_32MX170F256B.a(dma_chn_write_event_control_flags_lib.o)
 .debug_abbrev  0x000045f7       0x37 /opt/microchip/xc32/v1.44/bin/bin/../../lib/gcc/pic32mx/4.8.3/../../../../pic32mx/lib/libmchp_peripheral_32MX170F256B.a(dma_chn_set_txfer_lib.o)
 .debug_abbrev  0x0000462e       0x3e /opt/microchip/xc32/v1.44/bin/bin/../../lib/gcc/pic32mx/4.8.3/../../../../pic32mx/lib/libmchp_peripheral_32MX170F256B.a(uart_lib.o)
 .debug_abbrev  0x0000466c       0x28 /opt/microchip/xc32/v1.44/bin/bin/../../lib/gcc/pic32mx/4.8.3/../../../../pic32mx/lib/libmchp_peripheral_32MX170F256B.a(int_enable_interrupts_lib.o)
 .debug_abbrev  0x00004694       0x28 /opt/microchip/xc32/v1.44/bin/bin/../../lib/gcc/pic32mx/4.8.3/../../../../pic32mx/lib/libmchp_peripheral_32MX170F256B.a(int_tbl_lib.o)
 .debug_abbrev  0x000046bc       0x14 /opt/microchip/xc32/v1.44/bin/bin/../../lib/gcc/pic32mx/4.8.3/../../../../pic32mx/lib/libpic32.a(setjmp.o)
 .debug_abbrev  0x000046d0       0x28 /opt/microchip/xc32/v1.44/bin/bin/../../lib/gcc/pic32mx/4.8.3/../../../../pic32mx/lib/libpic32.a(default-bootstrap-exception-handler.o)
 .debug_abbrev  0x000046f8       0x28 /opt/microchip/xc32/v1.44/bin/bin/../../lib/gcc/pic32mx/4.8.3/../../../../pic32mx/lib/libpic32.a(default-on-reset.o)
 .debug_abbrev  0x00004720       0x28 /opt/microchip/xc32/v1.44/bin/bin/../../lib/gcc/pic32mx/4.8.3/../../../../pic32mx/lib/libpic32.a(default-on-bootstrap.o)
 .debug_abbrev  0x00004748       0x28 /opt/microchip/xc32/v1.44/bin/bin/../../lib/gcc/pic32mx/4.8.3/../../../../pic32mx/lib/libpic32.a(defaultinterrupt.o)
 .debug_abbrev  0x00004770       0x28 /opt/microchip/xc32/v1.44/bin/bin/../../lib/gcc/pic32mx/4.8.3/../../../../pic32mx/lib/libc.a(atoi.o)
 .debug_abbrev  0x00004798       0x28 /opt/microchip/xc32/v1.44/bin/bin/../../lib/gcc/pic32mx/4.8.3/../../../../pic32mx/lib/libc.a(calloc.o)
 .debug_abbrev  0x000047c0       0x28 /opt/microchip/xc32/v1.44/bin/bin/../../lib/gcc/pic32mx/4.8.3/../../../../pic32mx/lib/libc.a(ctypef.o)
 .debug_abbrev  0x000047e8       0x47 /opt/microchip/xc32/v1.44/bin/bin/../../lib/gcc/pic32mx/4.8.3/../../../../pic32mx/lib/libc.a(malloc.o)
 .debug_abbrev  0x0000482f       0x28 /opt/microchip/xc32/v1.44/bin/bin/../../lib/gcc/pic32mx/4.8.3/../../../../pic32mx/lib/libc.a(memmove.o)
 .debug_abbrev  0x00004857       0x47 /opt/microchip/xc32/v1.44/bin/bin/../../lib/gcc/pic32mx/4.8.3/../../../../pic32mx/lib/libc.a(rand.o)
 .debug_abbrev  0x0000489e       0x28 /opt/microchip/xc32/v1.44/bin/bin/../../lib/gcc/pic32mx/4.8.3/../../../../pic32mx/lib/libc.a(strcat.o)
 .debug_abbrev  0x000048c6       0x28 /opt/microchip/xc32/v1.44/bin/bin/../../lib/gcc/pic32mx/4.8.3/../../../../pic32mx/lib/libc.a(strchr.o)
 .debug_abbrev  0x000048ee       0x28 /opt/microchip/xc32/v1.44/bin/bin/../../lib/gcc/pic32mx/4.8.3/../../../../pic32mx/lib/libc.a(strstr.o)
 .debug_abbrev  0x00004916       0x28 /opt/microchip/xc32/v1.44/bin/bin/../../lib/gcc/pic32mx/4.8.3/../../../../pic32mx/lib/libc.a(sprintf_cdnopsuxX.eo)
 .debug_abbrev  0x0000493e       0x28 /opt/microchip/xc32/v1.44/bin/bin/../../lib/gcc/pic32mx/4.8.3/../../../../pic32mx/lib/libc.a(strncmp.o)
 .debug_abbrev  0x00004966       0x28 /opt/microchip/xc32/v1.44/bin/bin/../../lib/gcc/pic32mx/4.8.3/../../../../pic32mx/lib/libc.a(doprnt_cdnopsuxX.eo)
 .debug_abbrev  0x0000498e       0x28 /opt/microchip/xc32/v1.44/bin/bin/../../lib/gcc/pic32mx/4.8.3/../../../../pic32mx/lib/libc.a(_fputc_simple.o)
 .debug_abbrev  0x000049b6       0x28 /opt/microchip/xc32/v1.44/bin/bin/../../lib/gcc/pic32mx/4.8.3/../../../../pic32mx/lib/libc.a(_flsbuf_simple.o)
 .debug_abbrev  0x000049de       0x63 /opt/microchip/xc32/v1.44/bin/bin/../../lib/gcc/pic32mx/4.8.3/../../../../pic32mx/lib/libm.a(floor.o)
 .debug_abbrev  0x00004a41       0x28 /opt/microchip/xc32/v1.44/bin/bin/../../lib/gcc/pic32mx/4.8.3/../../../../pic32mx/lib/libm.a(w_acosf.o)
 .debug_abbrev  0x00004a69       0x28 /opt/microchip/xc32/v1.44/bin/bin/../../lib/gcc/pic32mx/4.8.3/../../../../pic32mx/lib/libm.a(w_asinf.o)
 .debug_abbrev  0x00004a91       0x28 /opt/microchip/xc32/v1.44/bin/bin/../../lib/gcc/pic32mx/4.8.3/../../../../pic32mx/lib/libm.a(w_expf.o)
 .debug_abbrev  0x00004ab9       0x28 /opt/microchip/xc32/v1.44/bin/bin/../../lib/gcc/pic32mx/4.8.3/../../../../pic32mx/lib/libm.a(w_log10f.o)
 .debug_abbrev  0x00004ae1       0x28 /opt/microchip/xc32/v1.44/bin/bin/../../lib/gcc/pic32mx/4.8.3/../../../../pic32mx/lib/libm.a(w_logf.o)
 .debug_abbrev  0x00004b09       0x28 /opt/microchip/xc32/v1.44/bin/bin/../../lib/gcc/pic32mx/4.8.3/../../../../pic32mx/lib/libm.a(w_powf.o)
 .debug_abbrev  0x00004b31       0x28 /opt/microchip/xc32/v1.44/bin/bin/../../lib/gcc/pic32mx/4.8.3/../../../../pic32mx/lib/libm.a(w_sqrtf.o)
 .debug_abbrev  0x00004b59       0x6d /opt/microchip/xc32/v1.44/bin/bin/../../lib/gcc/pic32mx/4.8.3/../../../../pic32mx/lib/libm.a(support.o)
 .debug_abbrev  0x00004bc6      0x138 /opt/microchip/xc32/v1.44/bin/bin/../../lib/gcc/pic32mx/4.8.3/libgcc.a(_udivdi3.o)
 .debug_abbrev  0x00004cfe      0x147 /opt/microchip/xc32/v1.44/bin/bin/../../lib/gcc/pic32mx/4.8.3/libgcc.a(_umoddi3.o)
 .debug_abbrev  0x00004e45       0x54 /opt/microchip/xc32/v1.44/bin/bin/../../lib/gcc/pic32mx/4.8.3/../../../../pic32mx/lib/libpic32.a(sbrk.o)
 .debug_abbrev  0x00004e99       0x28 /opt/microchip/xc32/v1.44/bin/bin/../../lib/gcc/pic32mx/4.8.3/../../../../pic32mx/lib/libpic32.a(write.o)
 .debug_abbrev  0x00004ec1       0x3e /opt/microchip/xc32/v1.44/bin/bin/../../lib/gcc/pic32mx/4.8.3/../../../../pic32mx/lib/libpic32.a(isinf.o)
 .debug_abbrev  0x00004eff       0x28 /opt/microchip/xc32/v1.44/bin/bin/../../lib/gcc/pic32mx/4.8.3/../../../../pic32mx/lib/libpic32.a(_mon_putc.o)
 .debug_abbrev  0x00004f27       0x35 /opt/microchip/xc32/v1.44/bin/bin/../../lib/gcc/pic32mx/4.8.3/../../../../pic32mx/lib/libe.a(_unorddf2.o)

.debug_line     0x00000000     0x704a
 *(.debug_line)
 .debug_line    0x00000000      0x34c build/default/production/vpcBASIC/vm.o
 .debug_line    0x0000034c      0xc0d build/default/production/vpcBASIC/BASIC.o
 .debug_line    0x00000f59      0x1aa build/default/production/vpcBASIC/testVM.o
 .debug_line    0x00001103      0x1f0 build/default/production/hardware/ps2_kbd/keyboard.o
 .debug_line    0x000012f3      0x48a build/default/production/hardware/rtcc/rtcc.o
 .debug_line    0x0000177d      0x209 build/default/production/hardware/Pinguino/sdmmc.o
 .debug_line    0x00001986      0x389 build/default/production/hardware/Pinguino/diskio.o
 .debug_line    0x00001d0f      0x234 build/default/production/hardware/serial_comm/serial_comm.o
 .debug_line    0x00001f43      0x196 build/default/production/hardware/sound/sound.o
 .debug_line    0x000020d9      0x320 build/default/production/hardware/spiram/spiram.o
 .debug_line    0x000023f9      0x17b build/default/production/hardware/store/store_spi.o
 .debug_line    0x00002574      0x3fc build/default/production/hardware/tvout/vga.o
 .debug_line    0x00002970      0x290 build/default/production/hardware/HardwareProfile.o
 .debug_line    0x00002c00      0x1c3 build/default/production/hardware/exception.o
 .debug_line    0x00002dc3      0x144 build/default/production/hardware/syscall.o
 .debug_line    0x00002f07      0x7fe build/default/production/hardware/Pinguino/ff.o
 .debug_line    0x00003705      0x2e8 build/default/production/hardware/Pinguino/fileio.o
 .debug_line    0x000039ed       0x46 build/default/production/font.o
 .debug_line    0x00003a33      0x3df build/default/production/vpc-32.o
 .debug_line    0x00003e12      0x13b build/default/production/graphics.o
 .debug_line    0x00003f4d      0x2f4 build/default/production/console.o
 .debug_line    0x00004241      0x2de build/default/production/vt100.o
 .debug_line    0x0000451f      0x7df build/default/production/shell.o
 .debug_line    0x00004cfe      0x2ba build/default/production/reader.o
 .debug_line    0x00004fb8      0x823 build/default/production/editor.o
 .debug_line    0x000057db       0x6b /opt/microchip/xc32/v1.44/bin/bin/../../lib/gcc/pic32mx/4.8.3/../../../../pic32mx/lib/libmchp_peripheral.a(open_core_timer_lib.o)
 .debug_line    0x00005846       0x70 /opt/microchip/xc32/v1.44/bin/bin/../../lib/gcc/pic32mx/4.8.3/../../../../pic32mx/lib/libmchp_peripheral_32MX170F256B.a(int_disable_interrupts_lib.o)
 .debug_line    0x000058b6       0x70 /opt/microchip/xc32/v1.44/bin/bin/../../lib/gcc/pic32mx/4.8.3/../../../../pic32mx/lib/libmchp_peripheral_32MX170F256B.a(int_restore_interrupts_lib.o)
 .debug_line    0x00005926       0x6b /opt/microchip/xc32/v1.44/bin/bin/../../lib/gcc/pic32mx/4.8.3/../../../../pic32mx/lib/libmchp_peripheral_32MX170F256B.a(int_enable_mv_int_lib.o)
 .debug_line    0x00005991       0x6d /opt/microchip/xc32/v1.44/bin/bin/../../lib/gcc/pic32mx/4.8.3/../../../../pic32mx/lib/libmchp_peripheral_32MX170F256B.a(spi_chn_set_bitrate_lib.o)
 .debug_line    0x000059fe        0x0 /opt/microchip/xc32/v1.44/bin/bin/../../lib/gcc/pic32mx/4.8.3/../../../../pic32mx/lib/libmchp_peripheral_32MX170F256B.a(spi_map_tbl_libp.o)
 .debug_line    0x000059fe       0x78 /opt/microchip/xc32/v1.44/bin/bin/../../lib/gcc/pic32mx/4.8.3/../../../../pic32mx/lib/libmchp_peripheral_32MX170F256B.a(dma_chn_open_lib.o)
 .debug_line    0x00005a76       0x7b /opt/microchip/xc32/v1.44/bin/bin/../../lib/gcc/pic32mx/4.8.3/../../../../pic32mx/lib/libmchp_peripheral_32MX170F256B.a(dma_chn_write_event_control_flags_lib.o)
 .debug_line    0x00005af1       0x7d /opt/microchip/xc32/v1.44/bin/bin/../../lib/gcc/pic32mx/4.8.3/../../../../pic32mx/lib/libmchp_peripheral_32MX170F256B.a(dma_chn_set_txfer_lib.o)
 .debug_line    0x00005b6e        0x0 /opt/microchip/xc32/v1.44/bin/bin/../../lib/gcc/pic32mx/4.8.3/../../../../pic32mx/lib/libmchp_peripheral_32MX170F256B.a(dma_reg_map_tbl_lib.o)
 .debug_line    0x00005b6e       0x5f /opt/microchip/xc32/v1.44/bin/bin/../../lib/gcc/pic32mx/4.8.3/../../../../pic32mx/lib/libmchp_peripheral_32MX170F256B.a(uart_lib.o)
 .debug_line    0x00005bcd       0x6f /opt/microchip/xc32/v1.44/bin/bin/../../lib/gcc/pic32mx/4.8.3/../../../../pic32mx/lib/libmchp_peripheral_32MX170F256B.a(int_enable_interrupts_lib.o)
 .debug_line    0x00005c3c       0x61 /opt/microchip/xc32/v1.44/bin/bin/../../lib/gcc/pic32mx/4.8.3/../../../../pic32mx/lib/libmchp_peripheral_32MX170F256B.a(int_tbl_lib.o)
 .debug_line    0x00005c9d       0xab /opt/microchip/xc32/v1.44/bin/bin/../../lib/gcc/pic32mx/4.8.3/../../../../pic32mx/lib/libpic32.a(setjmp.o)
 .debug_line    0x00005d48       0xa7 /opt/microchip/xc32/v1.44/bin/bin/../../lib/gcc/pic32mx/4.8.3/../../../../pic32mx/lib/libpic32.a(default-bootstrap-exception-handler.o)
 .debug_line    0x00005def       0x94 /opt/microchip/xc32/v1.44/bin/bin/../../lib/gcc/pic32mx/4.8.3/../../../../pic32mx/lib/libpic32.a(default-on-reset.o)
 .debug_line    0x00005e83       0x98 /opt/microchip/xc32/v1.44/bin/bin/../../lib/gcc/pic32mx/4.8.3/../../../../pic32mx/lib/libpic32.a(default-on-bootstrap.o)
 .debug_line    0x00005f1b       0xa6 /opt/microchip/xc32/v1.44/bin/bin/../../lib/gcc/pic32mx/4.8.3/../../../../pic32mx/lib/libpic32.a(defaultinterrupt.o)
 .debug_line    0x00005fc1       0x7e /opt/microchip/xc32/v1.44/bin/bin/../../lib/gcc/pic32mx/4.8.3/../../../../pic32mx/lib/libc.a(atoi.o)
 .debug_line    0x0000603f       0x80 /opt/microchip/xc32/v1.44/bin/bin/../../lib/gcc/pic32mx/4.8.3/../../../../pic32mx/lib/libc.a(calloc.o)
 .debug_line    0x000060bf        0x0 /opt/microchip/xc32/v1.44/bin/bin/../../lib/gcc/pic32mx/4.8.3/../../../../pic32mx/lib/libc.a(ctype.o)
 .debug_line    0x000060bf       0x80 /opt/microchip/xc32/v1.44/bin/bin/../../lib/gcc/pic32mx/4.8.3/../../../../pic32mx/lib/libc.a(ctypef.o)
 .debug_line    0x0000613f       0x80 /opt/microchip/xc32/v1.44/bin/bin/../../lib/gcc/pic32mx/4.8.3/../../../../pic32mx/lib/libc.a(malloc.o)